[INFO] Scanning for projects...
[INFO] 
[INFO] -----------------------< com.xuqinyang:xmudemo >------------------------
[INFO] Building xmudemo 0.0.1-SNAPSHOT
[INFO]   from pom.xml
[INFO] --------------------------------[ jar ]---------------------------------
[INFO] 
[INFO] --- resources:3.3.1:resources (default-resources) @ xmudemo ---
[INFO] Copying 1 resource from src\main\resources to target\classes
[INFO] Copying 5 resources from src\main\resources to target\classes
[INFO] 
[INFO] --- compiler:3.14.0:compile (default-compile) @ xmudemo ---
[INFO] Recompiling the module because of changed source code.
[INFO] Compiling 73 source files with javac [debug parameters release 17] to target\classes
[INFO] /C:/Users/xqy2006/IdeaProjects/xmudemo/src/main/java/com/xuqinyang/xmudemo/service/ApplicationService.java: C:\Users\xqy2006\IdeaProjects\xmudemo\src\main\java\com\xuqinyang\xmudemo\service\ApplicationService.java使用或覆盖了已过时的 API。
[INFO] /C:/Users/xqy2006/IdeaProjects/xmudemo/src/main/java/com/xuqinyang/xmudemo/service/ApplicationService.java: 有关详细信息, 请使用 -Xlint:deprecation 重新编译。
[INFO] /C:/Users/xqy2006/IdeaProjects/xmudemo/src/main/java/com/xuqinyang/xmudemo/service/ActivityService.java: C:\Users\xqy2006\IdeaProjects\xmudemo\src\main\java\com\xuqinyang\xmudemo\service\ActivityService.java使用了未经检查或不安全的操作。
[INFO] /C:/Users/xqy2006/IdeaProjects/xmudemo/src/main/java/com/xuqinyang/xmudemo/service/ActivityService.java: 有关详细信息, 请使用 -Xlint:unchecked 重新编译。
[INFO] 
[INFO] --- resources:3.3.1:testResources (default-testResources) @ xmudemo ---
[INFO] Copying 1 resource from src\test\resources to target\test-classes
[INFO] 
[INFO] --- compiler:3.14.0:testCompile (default-testCompile) @ xmudemo ---
[INFO] Recompiling the module because of changed dependency.
[INFO] Compiling 8 source files with javac [debug parameters release 17] to target\test-classes
[INFO] /C:/Users/xqy2006/IdeaProjects/xmudemo/src/test/java/com/xuqinyang/xmudemo/config/ConcurrencyTestConfig.java: 某些输入文件使用或覆盖了已过时的 API。
[INFO] /C:/Users/xqy2006/IdeaProjects/xmudemo/src/test/java/com/xuqinyang/xmudemo/config/ConcurrencyTestConfig.java: 有关详细信息, 请使用 -Xlint:deprecation 重新编译。
[INFO] /C:/Users/xqy2006/IdeaProjects/xmudemo/src/test/java/com/xuqinyang/xmudemo/integration/SystemConcurrencyIntegrationTest.java: C:\Users\xqy2006\IdeaProjects\xmudemo\src\test\java\com\xuqinyang\xmudemo\integration\SystemConcurrencyIntegrationTest.java使用了未经检查或不安全的操作。
[INFO] /C:/Users/xqy2006/IdeaProjects/xmudemo/src/test/java/com/xuqinyang/xmudemo/integration/SystemConcurrencyIntegrationTest.java: 有关详细信息, 请使用 -Xlint:unchecked 重新编译。
[INFO] 
[INFO] --- surefire:3.5.4:test (default-test) @ xmudemo ---
[INFO] Using auto detected provider org.apache.maven.surefire.junitplatform.JUnitPlatformProvider
[INFO] 
[INFO] -------------------------------------------------------
[INFO]  T E S T S
[INFO] -------------------------------------------------------
[INFO] Running com.xuqinyang.xmudemo.service.ActivityServiceConcurrencyTest
21:49:11.727 [main] INFO org.springframework.test.context.support.AnnotationConfigContextLoaderUtils -- Could not detect default configuration classes for test class [com.xuqinyang.xmudemo.service.ActivityServiceConcurrencyTest]: ActivityServiceConcurrencyTest does not declare any static, non-private, non-final, nested classes annotated with @Configuration.
21:49:11.877 [main] INFO org.springframework.boot.test.context.SpringBootTestContextBootstrapper -- Found @SpringBootConfiguration com.xuqinyang.xmudemo.XmudemoApplication for test class com.xuqinyang.xmudemo.service.ActivityServiceConcurrencyTest

  .   ____          _            __ _ _
 /\\ / ___'_ __ _ _(_)_ __  __ _ \ \ \ \
( ( )\___ | '_ | '_| | '_ \/ _` | \ \ \ \
 \\/  ___)| |_)| | | | | || (_| |  ) ) ) )
  '  |____| .__|_| |_|_| |_\__, | / / / /
 =========|_|==============|___/=/_/_/_/

 :: Spring Boot ::                (v3.5.6)

2025-10-02T21:49:12.315+08:00  INFO 37036 --- [xmudemo] [           main] c.x.x.s.ActivityServiceConcurrencyTest   : Starting ActivityServiceConcurrencyTest using Java 17.0.12 with PID 37036 (started by xqy2006 in C:\Users\xqy2006\IdeaProjects\xmudemo)
2025-10-02T21:49:12.317+08:00  INFO 37036 --- [xmudemo] [           main] c.x.x.s.ActivityServiceConcurrencyTest   : The following 1 profile is active: "test"
2025-10-02T21:49:20.151+08:00  INFO 37036 --- [xmudemo] [           main] r$InitializeUserDetailsManagerConfigurer : Global AuthenticationManager configured with UserDetailsService bean with name customUserDetailsService
2025-10-02T21:49:22.664+08:00  INFO 37036 --- [xmudemo] [           main] c.x.x.s.ActivityServiceConcurrencyTest   : Started ActivityServiceConcurrencyTest in 10.628 seconds (process running for 11.642)
2025-10-02T21:49:22.874+08:00  INFO 37036 --- [xmudemo] [           main] c.x.xmudemo.config.DataInitializer       : [INIT] 默认管理员已存在，跳过创建
2025-10-02T21:49:23.233+08:00  INFO 37036 --- [xmudemo] [ScheduledTask-1] c.x.x.service.SystemAutoReviewScheduler  : Starting system auto review processing
? 数据库清理完成
? 清理活动数据和缓存
2025-10-02T21:49:23.366+08:00  INFO 37036 --- [xmudemo] [           main] c.x.xmudemo.service.MessageQueueService  : Sent activity process message: activityId=1472, action=CREATE
2025-10-02T21:49:23.423+08:00  INFO 37036 --- [xmudemo] [           main] c.x.xmudemo.service.MessageQueueService  : Sent activity process message: activityId=1473, action=CREATE
2025-10-02T21:49:23.454+08:00  INFO 37036 --- [xmudemo] [           main] c.x.xmudemo.service.MessageQueueService  : Sent activity process message: activityId=1474, action=CREATE
2025-10-02T21:49:23.483+08:00  INFO 37036 --- [xmudemo] [           main] c.x.xmudemo.service.MessageQueueService  : Sent activity process message: activityId=1475, action=CREATE
2025-10-02T21:49:23.510+08:00  INFO 37036 --- [xmudemo] [           main] c.x.xmudemo.service.MessageQueueService  : Sent activity process message: activityId=1476, action=CREATE
2025-10-02T21:49:23.539+08:00  INFO 37036 --- [xmudemo] [           main] c.x.xmudemo.service.MessageQueueService  : Sent activity process message: activityId=1477, action=CREATE
2025-10-02T21:49:23.567+08:00  INFO 37036 --- [xmudemo] [           main] c.x.xmudemo.service.MessageQueueService  : Sent activity process message: activityId=1478, action=CREATE
2025-10-02T21:49:23.599+08:00  INFO 37036 --- [xmudemo] [           main] c.x.xmudemo.service.MessageQueueService  : Sent activity process message: activityId=1479, action=CREATE
2025-10-02T21:49:23.627+08:00  INFO 37036 --- [xmudemo] [           main] c.x.xmudemo.service.MessageQueueService  : Sent activity process message: activityId=1480, action=CREATE
2025-10-02T21:49:23.665+08:00  INFO 37036 --- [xmudemo] [           main] c.x.xmudemo.service.MessageQueueService  : Sent activity process message: activityId=1481, action=CREATE
2025-10-02T21:49:23.707+08:00  INFO 37036 --- [xmudemo] [           main] c.x.xmudemo.service.MessageQueueService  : Sent activity process message: activityId=1482, action=CREATE
2025-10-02T21:49:23.725+08:00  INFO 37036 --- [xmudemo] [ ActivityTask-1] c.x.x.service.MessageQueueListener       : Processing activity message: activityId=1482, action=CREATE
2025-10-02T21:49:23.726+08:00  INFO 37036 --- [xmudemo] [ ActivityTask-1] c.x.x.service.MessageQueueListener       : Processing activity creation: 1482
2025-10-02T21:49:23.738+08:00  INFO 37036 --- [xmudemo] [           main] c.x.xmudemo.service.MessageQueueService  : Sent activity process message: activityId=1483, action=CREATE
2025-10-02T21:49:23.741+08:00  INFO 37036 --- [xmudemo] [ ActivityTask-2] c.x.x.service.MessageQueueListener       : Processing activity message: activityId=1483, action=CREATE
2025-10-02T21:49:23.741+08:00  INFO 37036 --- [xmudemo] [ ActivityTask-2] c.x.x.service.MessageQueueListener       : Processing activity creation: 1483
2025-10-02T21:49:23.748+08:00  INFO 37036 --- [xmudemo] [ ActivityTask-1] c.x.x.service.MessageQueueListener       : Activity 1482 creation processed
2025-10-02T21:49:23.770+08:00  INFO 37036 --- [xmudemo] [           main] c.x.xmudemo.service.MessageQueueService  : Sent activity process message: activityId=1484, action=CREATE
2025-10-02T21:49:23.773+08:00  INFO 37036 --- [xmudemo] [ ActivityTask-3] c.x.x.service.MessageQueueListener       : Processing activity message: activityId=1484, action=CREATE
2025-10-02T21:49:23.773+08:00  INFO 37036 --- [xmudemo] [ ActivityTask-3] c.x.x.service.MessageQueueListener       : Processing activity creation: 1484
2025-10-02T21:49:23.802+08:00  INFO 37036 --- [xmudemo] [           main] c.x.xmudemo.service.MessageQueueService  : Sent activity process message: activityId=1485, action=CREATE
2025-10-02T21:49:23.804+08:00  INFO 37036 --- [xmudemo] [ ActivityTask-4] c.x.x.service.MessageQueueListener       : Processing activity message: activityId=1485, action=CREATE
2025-10-02T21:49:23.804+08:00  INFO 37036 --- [xmudemo] [ ActivityTask-4] c.x.x.service.MessageQueueListener       : Processing activity creation: 1485
2025-10-02T21:49:23.830+08:00  INFO 37036 --- [xmudemo] [           main] c.x.xmudemo.service.MessageQueueService  : Sent activity process message: activityId=1486, action=CREATE
2025-10-02T21:49:23.832+08:00  INFO 37036 --- [xmudemo] [ ActivityTask-5] c.x.x.service.MessageQueueListener       : Processing activity message: activityId=1486, action=CREATE
2025-10-02T21:49:23.832+08:00  INFO 37036 --- [xmudemo] [ ActivityTask-5] c.x.x.service.MessageQueueListener       : Processing activity creation: 1486
2025-10-02T21:49:23.856+08:00  INFO 37036 --- [xmudemo] [           main] c.x.xmudemo.service.MessageQueueService  : Sent activity process message: activityId=1487, action=CREATE
2025-10-02T21:49:23.858+08:00  INFO 37036 --- [xmudemo] [ ActivityTask-6] c.x.x.service.MessageQueueListener       : Processing activity message: activityId=1487, action=CREATE
2025-10-02T21:49:23.858+08:00  INFO 37036 --- [xmudemo] [ ActivityTask-6] c.x.x.service.MessageQueueListener       : Processing activity creation: 1487
2025-10-02T21:49:23.886+08:00  INFO 37036 --- [xmudemo] [           main] c.x.xmudemo.service.MessageQueueService  : Sent activity process message: activityId=1488, action=CREATE
2025-10-02T21:49:23.888+08:00  INFO 37036 --- [xmudemo] [ ActivityTask-7] c.x.x.service.MessageQueueListener       : Processing activity message: activityId=1488, action=CREATE
2025-10-02T21:49:23.889+08:00  INFO 37036 --- [xmudemo] [ ActivityTask-7] c.x.x.service.MessageQueueListener       : Processing activity creation: 1488
2025-10-02T21:49:23.912+08:00  INFO 37036 --- [xmudemo] [           main] c.x.xmudemo.service.MessageQueueService  : Sent activity process message: activityId=1489, action=CREATE
2025-10-02T21:49:23.915+08:00  INFO 37036 --- [xmudemo] [ ActivityTask-8] c.x.x.service.MessageQueueListener       : Processing activity message: activityId=1489, action=CREATE
2025-10-02T21:49:23.915+08:00  INFO 37036 --- [xmudemo] [ ActivityTask-8] c.x.x.service.MessageQueueListener       : Processing activity creation: 1489
2025-10-02T21:49:23.937+08:00  INFO 37036 --- [xmudemo] [           main] c.x.xmudemo.service.MessageQueueService  : Sent activity process message: activityId=1490, action=CREATE
2025-10-02T21:49:23.940+08:00  INFO 37036 --- [xmudemo] [ ActivityTask-9] c.x.x.service.MessageQueueListener       : Processing activity message: activityId=1490, action=CREATE
2025-10-02T21:49:23.940+08:00  INFO 37036 --- [xmudemo] [ ActivityTask-9] c.x.x.service.MessageQueueListener       : Processing activity creation: 1490
2025-10-02T21:49:23.964+08:00  INFO 37036 --- [xmudemo] [           main] c.x.xmudemo.service.MessageQueueService  : Sent activity process message: activityId=1491, action=CREATE
2025-10-02T21:49:23.966+08:00  INFO 37036 --- [xmudemo] [ActivityTask-10] c.x.x.service.MessageQueueListener       : Processing activity message: activityId=1491, action=CREATE
2025-10-02T21:49:23.966+08:00  INFO 37036 --- [xmudemo] [ActivityTask-10] c.x.x.service.MessageQueueListener       : Processing activity creation: 1491
? 预创建20个测试活动
2025-10-02T21:49:24.041+08:00  INFO 37036 --- [xmudemo] [ool-7-thread-11] c.x.xmudemo.service.MessageQueueService  : Sent activity process message: activityId=1482, action=UPDATE
2025-10-02T21:49:24.043+08:00  INFO 37036 --- [xmudemo] [pool-7-thread-7] c.x.xmudemo.service.MessageQueueService  : Sent activity process message: activityId=1478, action=UPDATE
2025-10-02T21:49:24.043+08:00  INFO 37036 --- [xmudemo] [pool-7-thread-1] c.x.xmudemo.service.MessageQueueService  : Sent activity process message: activityId=1472, action=UPDATE
2025-10-02T21:49:24.043+08:00  INFO 37036 --- [xmudemo] [ool-7-thread-10] c.x.xmudemo.service.MessageQueueService  : Sent activity process message: activityId=1481, action=UPDATE
2025-10-02T21:49:24.043+08:00  INFO 37036 --- [xmudemo] [pool-7-thread-6] c.x.xmudemo.service.MessageQueueService  : Sent activity process message: activityId=1477, action=UPDATE
2025-10-02T21:49:24.044+08:00  INFO 37036 --- [xmudemo] [pool-7-thread-3] c.x.xmudemo.service.MessageQueueService  : Sent activity process message: activityId=1474, action=UPDATE
2025-10-02T21:49:24.044+08:00  INFO 37036 --- [xmudemo] [pool-7-thread-4] c.x.xmudemo.service.MessageQueueService  : Sent activity process message: activityId=1475, action=UPDATE
2025-10-02T21:49:24.044+08:00  INFO 37036 --- [xmudemo] [pool-7-thread-2] c.x.xmudemo.service.MessageQueueService  : Sent activity process message: activityId=1473, action=UPDATE
2025-10-02T21:49:24.045+08:00  INFO 37036 --- [xmudemo] [ool-7-thread-12] c.x.xmudemo.service.MessageQueueService  : Sent activity process message: activityId=1483, action=UPDATE
2025-10-02T21:49:24.045+08:00  INFO 37036 --- [xmudemo] [pool-7-thread-5] c.x.xmudemo.service.MessageQueueService  : Sent activity process message: activityId=1476, action=UPDATE
2025-10-02T21:49:24.045+08:00  INFO 37036 --- [xmudemo] [pool-7-thread-8] c.x.xmudemo.service.MessageQueueService  : Sent activity process message: activityId=1479, action=UPDATE
2025-10-02T21:49:24.050+08:00  INFO 37036 --- [xmudemo] [ActivityTask-11] c.x.x.service.MessageQueueListener       : Processing activity message: activityId=1479, action=UPDATE
2025-10-02T21:49:24.051+08:00  INFO 37036 --- [xmudemo] [ActivityTask-11] c.x.x.service.MessageQueueListener       : Processing activity update: 1479
2025-10-02T21:49:24.097+08:00  INFO 37036 --- [xmudemo] [ool-7-thread-14] c.x.xmudemo.service.MessageQueueService  : Sent activity process message: activityId=1485, action=UPDATE
2025-10-02T21:49:24.097+08:00  INFO 37036 --- [xmudemo] [ool-7-thread-20] c.x.xmudemo.service.MessageQueueService  : Sent activity process message: activityId=1491, action=UPDATE
2025-10-02T21:49:24.097+08:00  INFO 37036 --- [xmudemo] [ool-7-thread-16] c.x.xmudemo.service.MessageQueueService  : Sent activity process message: activityId=1487, action=UPDATE
2025-10-02T21:49:24.097+08:00  INFO 37036 --- [xmudemo] [ool-7-thread-22] c.x.xmudemo.service.MessageQueueService  : Sent activity process message: activityId=1473, action=UPDATE
2025-10-02T21:49:24.097+08:00  INFO 37036 --- [xmudemo] [ool-7-thread-23] c.x.xmudemo.service.MessageQueueService  : Sent activity process message: activityId=1474, action=UPDATE
2025-10-02T21:49:24.097+08:00  INFO 37036 --- [xmudemo] [ool-7-thread-15] c.x.xmudemo.service.MessageQueueService  : Sent activity process message: activityId=1486, action=UPDATE
2025-10-02T21:49:24.097+08:00  INFO 37036 --- [xmudemo] [ool-7-thread-24] c.x.xmudemo.service.MessageQueueService  : Sent activity process message: activityId=1475, action=UPDATE
2025-10-02T21:49:24.098+08:00  INFO 37036 --- [xmudemo] [ool-7-thread-17] c.x.xmudemo.service.MessageQueueService  : Sent activity process message: activityId=1488, action=UPDATE
2025-10-02T21:49:24.098+08:00  INFO 37036 --- [xmudemo] [ool-7-thread-21] c.x.xmudemo.service.MessageQueueService  : Sent activity process message: activityId=1472, action=UPDATE
2025-10-02T21:49:24.098+08:00  INFO 37036 --- [xmudemo] [ool-7-thread-18] c.x.xmudemo.service.MessageQueueService  : Sent activity process message: activityId=1489, action=UPDATE
2025-10-02T21:49:24.098+08:00  INFO 37036 --- [xmudemo] [ool-7-thread-19] c.x.xmudemo.service.MessageQueueService  : Sent activity process message: activityId=1490, action=UPDATE
2025-10-02T21:49:24.099+08:00  INFO 37036 --- [xmudemo] [ ActivityTask-4] c.x.x.service.MessageQueueListener       : Processing activity message: activityId=1475, action=UPDATE
2025-10-02T21:49:24.099+08:00  INFO 37036 --- [xmudemo] [ ActivityTask-1] c.x.x.service.MessageQueueListener       : Processing activity message: activityId=1491, action=UPDATE
2025-10-02T21:49:24.099+08:00  INFO 37036 --- [xmudemo] [ ActivityTask-2] c.x.x.service.MessageQueueListener       : Processing activity message: activityId=1474, action=UPDATE
2025-10-02T21:49:24.099+08:00  INFO 37036 --- [xmudemo] [ ActivityTask-3] c.x.x.service.MessageQueueListener       : Processing activity message: activityId=1487, action=UPDATE
2025-10-02T21:49:24.100+08:00  INFO 37036 --- [xmudemo] [ ActivityTask-4] c.x.x.service.MessageQueueListener       : Processing activity update: 1475
2025-10-02T21:49:24.100+08:00  INFO 37036 --- [xmudemo] [ ActivityTask-3] c.x.x.service.MessageQueueListener       : Processing activity update: 1487
2025-10-02T21:49:24.100+08:00  INFO 37036 --- [xmudemo] [ ActivityTask-5] c.x.x.service.MessageQueueListener       : Processing activity message: activityId=1490, action=UPDATE
2025-10-02T21:49:24.100+08:00  INFO 37036 --- [xmudemo] [ ActivityTask-5] c.x.x.service.MessageQueueListener       : Processing activity update: 1490
2025-10-02T21:49:24.100+08:00  INFO 37036 --- [xmudemo] [ ActivityTask-6] c.x.x.service.MessageQueueListener       : Processing activity message: activityId=1489, action=UPDATE
2025-10-02T21:49:24.100+08:00  INFO 37036 --- [xmudemo] [ ActivityTask-7] c.x.x.service.MessageQueueListener       : Processing activity message: activityId=1473, action=UPDATE
2025-10-02T21:49:24.100+08:00  INFO 37036 --- [xmudemo] [ ActivityTask-8] c.x.x.service.MessageQueueListener       : Processing activity message: activityId=1486, action=UPDATE
2025-10-02T21:49:24.100+08:00  INFO 37036 --- [xmudemo] [ ActivityTask-1] c.x.x.service.MessageQueueListener       : Processing activity update: 1491
2025-10-02T21:49:24.100+08:00  INFO 37036 --- [xmudemo] [ ActivityTask-2] c.x.x.service.MessageQueueListener       : Processing activity update: 1474
2025-10-02T21:49:24.101+08:00  INFO 37036 --- [xmudemo] [ ActivityTask-7] c.x.x.service.MessageQueueListener       : Processing activity update: 1473
2025-10-02T21:49:24.101+08:00  INFO 37036 --- [xmudemo] [ ActivityTask-6] c.x.x.service.MessageQueueListener       : Processing activity update: 1489
2025-10-02T21:49:24.101+08:00  INFO 37036 --- [xmudemo] [ActivityTask-12] c.x.x.service.MessageQueueListener       : Processing activity message: activityId=1485, action=UPDATE
2025-10-02T21:49:24.102+08:00  INFO 37036 --- [xmudemo] [ ActivityTask-8] c.x.x.service.MessageQueueListener       : Processing activity update: 1486
2025-10-02T21:49:24.102+08:00  INFO 37036 --- [xmudemo] [ActivityTask-12] c.x.x.service.MessageQueueListener       : Processing activity update: 1485
2025-10-02T21:49:24.116+08:00  INFO 37036 --- [xmudemo] [ool-7-thread-13] c.x.xmudemo.service.MessageQueueService  : Sent activity process message: activityId=1484, action=UPDATE
2025-10-02T21:49:24.116+08:00  INFO 37036 --- [xmudemo] [pool-7-thread-9] c.x.xmudemo.service.MessageQueueService  : Sent activity process message: activityId=1480, action=UPDATE
2025-10-02T21:49:24.149+08:00  INFO 37036 --- [xmudemo] [ool-7-thread-25] c.x.xmudemo.service.MessageQueueService  : Sent activity process message: activityId=1476, action=UPDATE
2025-10-02T21:49:24.159+08:00  INFO 37036 --- [xmudemo] [ool-7-thread-26] c.x.xmudemo.service.MessageQueueService  : Sent activity process message: activityId=1477, action=UPDATE
2025-10-02T21:49:24.159+08:00  INFO 37036 --- [xmudemo] [ool-7-thread-27] c.x.xmudemo.service.MessageQueueService  : Sent activity process message: activityId=1478, action=UPDATE
2025-10-02T21:49:24.161+08:00  INFO 37036 --- [xmudemo] [ool-7-thread-36] c.x.xmudemo.service.MessageQueueService  : Sent activity process message: activityId=1487, action=UPDATE
2025-10-02T21:49:24.161+08:00  INFO 37036 --- [xmudemo] [ool-7-thread-31] c.x.xmudemo.service.MessageQueueService  : Sent activity process message: activityId=1482, action=UPDATE
2025-10-02T21:49:24.161+08:00  INFO 37036 --- [xmudemo] [ool-7-thread-32] c.x.xmudemo.service.MessageQueueService  : Sent activity process message: activityId=1483, action=UPDATE
2025-10-02T21:49:24.161+08:00  INFO 37036 --- [xmudemo] [ool-7-thread-30] c.x.xmudemo.service.MessageQueueService  : Sent activity process message: activityId=1481, action=UPDATE
2025-10-02T21:49:24.161+08:00  INFO 37036 --- [xmudemo] [ool-7-thread-34] c.x.xmudemo.service.MessageQueueService  : Sent activity process message: activityId=1485, action=UPDATE
2025-10-02T21:49:24.161+08:00  INFO 37036 --- [xmudemo] [ool-7-thread-35] c.x.xmudemo.service.MessageQueueService  : Sent activity process message: activityId=1486, action=UPDATE
2025-10-02T21:49:24.161+08:00  INFO 37036 --- [xmudemo] [ool-7-thread-28] c.x.xmudemo.service.MessageQueueService  : Sent activity process message: activityId=1479, action=UPDATE
2025-10-02T21:49:24.165+08:00  INFO 37036 --- [xmudemo] [ ActivityTask-9] c.x.x.service.MessageQueueListener       : Processing activity message: activityId=1486, action=UPDATE
2025-10-02T21:49:24.165+08:00  INFO 37036 --- [xmudemo] [ActivityTask-10] c.x.x.service.MessageQueueListener       : Processing activity message: activityId=1482, action=UPDATE
2025-10-02T21:49:24.165+08:00  INFO 37036 --- [xmudemo] [ ActivityTask-9] c.x.x.service.MessageQueueListener       : Processing activity update: 1486
2025-10-02T21:49:24.166+08:00  INFO 37036 --- [xmudemo] [ActivityTask-10] c.x.x.service.MessageQueueListener       : Processing activity update: 1482
2025-10-02T21:49:24.169+08:00  INFO 37036 --- [xmudemo] [ool-7-thread-33] c.x.xmudemo.service.MessageQueueService  : Sent activity process message: activityId=1484, action=UPDATE
2025-10-02T21:49:24.169+08:00  INFO 37036 --- [xmudemo] [ool-7-thread-29] c.x.xmudemo.service.MessageQueueService  : Sent activity process message: activityId=1480, action=UPDATE
2025-10-02T21:49:24.182+08:00  INFO 37036 --- [xmudemo] [ool-7-thread-38] c.x.xmudemo.service.MessageQueueService  : Sent activity process message: activityId=1489, action=UPDATE
2025-10-02T21:49:24.182+08:00  INFO 37036 --- [xmudemo] [ool-7-thread-37] c.x.xmudemo.service.MessageQueueService  : Sent activity process message: activityId=1488, action=UPDATE
2025-10-02T21:49:24.198+08:00  INFO 37036 --- [xmudemo] [ool-7-thread-39] c.x.xmudemo.service.MessageQueueService  : Sent activity process message: activityId=1490, action=UPDATE
2025-10-02T21:49:24.202+08:00  INFO 37036 --- [xmudemo] [ool-7-thread-40] c.x.xmudemo.service.MessageQueueService  : Sent activity process message: activityId=1491, action=UPDATE
2025-10-02T21:49:24.208+08:00  INFO 37036 --- [xmudemo] [ool-7-thread-41] c.x.xmudemo.service.MessageQueueService  : Sent activity process message: activityId=1472, action=UPDATE
2025-10-02T21:49:24.213+08:00  INFO 37036 --- [xmudemo] [ool-7-thread-42] c.x.xmudemo.service.MessageQueueService  : Sent activity process message: activityId=1473, action=UPDATE
2025-10-02T21:49:24.213+08:00  INFO 37036 --- [xmudemo] [ool-7-thread-46] c.x.xmudemo.service.MessageQueueService  : Sent activity process message: activityId=1477, action=UPDATE
2025-10-02T21:49:24.213+08:00  INFO 37036 --- [xmudemo] [ool-7-thread-43] c.x.xmudemo.service.MessageQueueService  : Sent activity process message: activityId=1474, action=UPDATE
2025-10-02T21:49:24.213+08:00  INFO 37036 --- [xmudemo] [ool-7-thread-50] c.x.xmudemo.service.MessageQueueService  : Sent activity process message: activityId=1481, action=UPDATE
2025-10-02T21:49:24.213+08:00  INFO 37036 --- [xmudemo] [ool-7-thread-47] c.x.xmudemo.service.MessageQueueService  : Sent activity process message: activityId=1478, action=UPDATE
2025-10-02T21:49:24.213+08:00  INFO 37036 --- [xmudemo] [ool-7-thread-45] c.x.xmudemo.service.MessageQueueService  : Sent activity process message: activityId=1476, action=UPDATE
2025-10-02T21:49:24.214+08:00  INFO 37036 --- [xmudemo] [ool-7-thread-48] c.x.xmudemo.service.MessageQueueService  : Sent activity process message: activityId=1479, action=UPDATE
2025-10-02T21:49:24.214+08:00  INFO 37036 --- [xmudemo] [ool-7-thread-44] c.x.xmudemo.service.MessageQueueService  : Sent activity process message: activityId=1475, action=UPDATE
2025-10-02T21:49:24.214+08:00  INFO 37036 --- [xmudemo] [ool-7-thread-49] c.x.xmudemo.service.MessageQueueService  : Sent activity process message: activityId=1480, action=UPDATE
2025-10-02T21:49:24.231+08:00  INFO 37036 --- [xmudemo] [ActivityTask-11] c.x.x.service.MessageQueueListener       : Activity 1479 update processed
2025-10-02T21:49:24.232+08:00  INFO 37036 --- [xmudemo] [ActivityTask-11] c.x.x.service.MessageQueueListener       : Processing activity message: activityId=1485, action=UPDATE
2025-10-02T21:49:24.232+08:00  INFO 37036 --- [xmudemo] [ActivityTask-11] c.x.x.service.MessageQueueListener       : Processing activity update: 1485
2025-10-02T21:49:24.250+08:00  INFO 37036 --- [xmudemo] [ ActivityTask-4] c.x.x.service.MessageQueueListener       : Activity 1475 update processed
2025-10-02T21:49:24.250+08:00  INFO 37036 --- [xmudemo] [ ActivityTask-3] c.x.x.service.MessageQueueListener       : Activity 1487 update processed
2025-10-02T21:49:24.251+08:00  INFO 37036 --- [xmudemo] [ ActivityTask-3] c.x.x.service.MessageQueueListener       : Processing activity message: activityId=1480, action=UPDATE
2025-10-02T21:49:24.251+08:00  INFO 37036 --- [xmudemo] [ ActivityTask-4] c.x.x.service.MessageQueueListener       : Processing activity message: activityId=1479, action=UPDATE
2025-10-02T21:49:24.251+08:00  INFO 37036 --- [xmudemo] [ ActivityTask-4] c.x.x.service.MessageQueueListener       : Processing activity update: 1479
2025-10-02T21:49:24.251+08:00  INFO 37036 --- [xmudemo] [ ActivityTask-3] c.x.x.service.MessageQueueListener       : Processing activity update: 1480
2025-10-02T21:49:24.257+08:00  INFO 37036 --- [xmudemo] [ ActivityTask-5] c.x.x.service.MessageQueueListener       : Activity 1490 update processed
2025-10-02T21:49:24.257+08:00  INFO 37036 --- [xmudemo] [ ActivityTask-5] c.x.x.service.MessageQueueListener       : Processing activity message: activityId=1484, action=UPDATE
2025-10-02T21:49:24.257+08:00  INFO 37036 --- [xmudemo] [ ActivityTask-5] c.x.x.service.MessageQueueListener       : Processing activity update: 1484
2025-10-02T21:49:24.258+08:00  INFO 37036 --- [xmudemo] [ ActivityTask-2] c.x.x.service.MessageQueueListener       : Activity 1474 update processed
2025-10-02T21:49:24.259+08:00  INFO 37036 --- [xmudemo] [ ActivityTask-2] c.x.x.service.MessageQueueListener       : Processing activity message: activityId=1488, action=UPDATE
2025-10-02T21:49:24.259+08:00  INFO 37036 --- [xmudemo] [ ActivityTask-2] c.x.x.service.MessageQueueListener       : Processing activity update: 1488
2025-10-02T21:49:24.259+08:00  INFO 37036 --- [xmudemo] [ ActivityTask-7] c.x.x.service.MessageQueueListener       : Activity 1473 update processed
2025-10-02T21:49:24.259+08:00  INFO 37036 --- [xmudemo] [ ActivityTask-7] c.x.x.service.MessageQueueListener       : Processing activity message: activityId=1489, action=UPDATE
2025-10-02T21:49:24.259+08:00  INFO 37036 --- [xmudemo] [ ActivityTask-7] c.x.x.service.MessageQueueListener       : Processing activity update: 1489
2025-10-02T21:49:24.259+08:00  INFO 37036 --- [xmudemo] [ ActivityTask-1] c.x.x.service.MessageQueueListener       : Activity 1491 update processed
2025-10-02T21:49:24.259+08:00  INFO 37036 --- [xmudemo] [ ActivityTask-1] c.x.x.service.MessageQueueListener       : Processing activity message: activityId=1490, action=UPDATE
2025-10-02T21:49:24.259+08:00  INFO 37036 --- [xmudemo] [ ActivityTask-1] c.x.x.service.MessageQueueListener       : Processing activity update: 1490
2025-10-02T21:49:24.262+08:00  INFO 37036 --- [xmudemo] [ ActivityTask-6] c.x.x.service.MessageQueueListener       : Activity 1489 update processed
2025-10-02T21:49:24.263+08:00  INFO 37036 --- [xmudemo] [ ActivityTask-6] c.x.x.service.MessageQueueListener       : Processing activity message: activityId=1491, action=UPDATE
2025-10-02T21:49:24.264+08:00  INFO 37036 --- [xmudemo] [ ActivityTask-6] c.x.x.service.MessageQueueListener       : Processing activity update: 1491
2025-10-02T21:49:24.265+08:00  INFO 37036 --- [xmudemo] [ ActivityTask-8] c.x.x.service.MessageQueueListener       : Activity 1486 update processed
2025-10-02T21:49:24.267+08:00  INFO 37036 --- [xmudemo] [ActivityTask-12] c.x.x.service.MessageQueueListener       : Activity 1485 update processed
2025-10-02T21:49:24.268+08:00  INFO 37036 --- [xmudemo] [ActivityTask-10] c.x.x.service.MessageQueueListener       : Activity 1482 update processed
2025-10-02T21:49:24.268+08:00  INFO 37036 --- [xmudemo] [ ActivityTask-9] c.x.x.service.MessageQueueListener       : Activity 1486 update processed
2025-10-02T21:49:24.268+08:00  INFO 37036 --- [xmudemo] [ActivityTask-11] c.x.x.service.MessageQueueListener       : Activity 1485 update processed
2025-10-02T21:49:24.269+08:00  INFO 37036 --- [xmudemo] [ ActivityTask-3] c.x.x.service.MessageQueueListener       : Activity 1480 update processed
2025-10-02T21:49:24.269+08:00  INFO 37036 --- [xmudemo] [ ActivityTask-4] c.x.x.service.MessageQueueListener       : Activity 1479 update processed
2025-10-02T21:49:24.273+08:00  INFO 37036 --- [xmudemo] [ ActivityTask-5] c.x.x.service.MessageQueueListener       : Activity 1484 update processed
2025-10-02T21:49:24.273+08:00  INFO 37036 --- [xmudemo] [ ActivityTask-2] c.x.x.service.MessageQueueListener       : Activity 1488 update processed
2025-10-02T21:49:24.273+08:00  INFO 37036 --- [xmudemo] [ ActivityTask-7] c.x.x.service.MessageQueueListener       : Activity 1489 update processed
2025-10-02T21:49:24.273+08:00  INFO 37036 --- [xmudemo] [ ActivityTask-1] c.x.x.service.MessageQueueListener       : Activity 1490 update processed
2025-10-02T21:49:24.277+08:00  INFO 37036 --- [xmudemo] [ ActivityTask-6] c.x.x.service.MessageQueueListener       : Activity 1491 update processed

========== 并发更新活动测试报告 ==========
总更新次数: 50
? 成功: 50
? 失败: 0
成功率: 100.00%

性能指标:
  平均更新时间: 185.68 ms
  最大更新时间: 266 ms
  总耗时: 298 ms
  QPS: 167.79
=========================================

? 数据库清理完成
? 清理活动数据和缓存
2025-10-02T21:49:24.387+08:00  INFO 37036 --- [xmudemo] [pool-8-thread-2] c.x.xmudemo.service.MessageQueueService  : Sent activity process message: activityId=1492, action=CREATE
2025-10-02T21:49:24.389+08:00  INFO 37036 --- [xmudemo] [ ActivityTask-8] c.x.x.service.MessageQueueListener       : Processing activity message: activityId=1492, action=CREATE
2025-10-02T21:49:24.389+08:00  INFO 37036 --- [xmudemo] [ ActivityTask-8] c.x.x.service.MessageQueueListener       : Processing activity creation: 1492
2025-10-02T21:49:24.395+08:00  INFO 37036 --- [xmudemo] [ool-8-thread-17] c.x.xmudemo.service.MessageQueueService  : Sent activity process message: activityId=1493, action=CREATE
2025-10-02T21:49:24.396+08:00  INFO 37036 --- [xmudemo] [ActivityTask-12] c.x.x.service.MessageQueueListener       : Processing activity message: activityId=1493, action=CREATE
2025-10-02T21:49:24.397+08:00  INFO 37036 --- [xmudemo] [ActivityTask-12] c.x.x.service.MessageQueueListener       : Processing activity creation: 1493
2025-10-02T21:49:24.410+08:00  INFO 37036 --- [xmudemo] [ool-8-thread-18] c.x.xmudemo.service.MessageQueueService  : Sent activity process message: activityId=1494, action=CREATE
2025-10-02T21:49:24.412+08:00  INFO 37036 --- [xmudemo] [ActivityTask-10] c.x.x.service.MessageQueueListener       : Processing activity message: activityId=1494, action=CREATE
2025-10-02T21:49:24.412+08:00  INFO 37036 --- [xmudemo] [ActivityTask-10] c.x.x.service.MessageQueueListener       : Processing activity creation: 1494
2025-10-02T21:49:24.417+08:00  INFO 37036 --- [xmudemo] [ool-8-thread-20] c.x.xmudemo.service.MessageQueueService  : Sent activity process message: activityId=1495, action=CREATE
2025-10-02T21:49:24.419+08:00  INFO 37036 --- [xmudemo] [ ActivityTask-9] c.x.x.service.MessageQueueListener       : Processing activity message: activityId=1495, action=CREATE
2025-10-02T21:49:24.419+08:00  INFO 37036 --- [xmudemo] [ ActivityTask-9] c.x.x.service.MessageQueueListener       : Processing activity creation: 1495
2025-10-02T21:49:24.433+08:00  INFO 37036 --- [xmudemo] [ool-8-thread-19] c.x.xmudemo.service.MessageQueueService  : Sent activity process message: activityId=1496, action=CREATE
2025-10-02T21:49:24.435+08:00  INFO 37036 --- [xmudemo] [ActivityTask-11] c.x.x.service.MessageQueueListener       : Processing activity message: activityId=1496, action=CREATE
2025-10-02T21:49:24.435+08:00  INFO 37036 --- [xmudemo] [ActivityTask-11] c.x.x.service.MessageQueueListener       : Processing activity creation: 1496
2025-10-02T21:49:24.440+08:00  INFO 37036 --- [xmudemo] [ool-8-thread-22] c.x.xmudemo.service.MessageQueueService  : Sent activity process message: activityId=1497, action=CREATE
2025-10-02T21:49:24.442+08:00  INFO 37036 --- [xmudemo] [ ActivityTask-3] c.x.x.service.MessageQueueListener       : Processing activity message: activityId=1497, action=CREATE
2025-10-02T21:49:24.442+08:00  INFO 37036 --- [xmudemo] [ ActivityTask-3] c.x.x.service.MessageQueueListener       : Processing activity creation: 1497
2025-10-02T21:49:24.460+08:00  INFO 37036 --- [xmudemo] [ool-8-thread-23] c.x.xmudemo.service.MessageQueueService  : Sent activity process message: activityId=1498, action=CREATE
2025-10-02T21:49:24.461+08:00  INFO 37036 --- [xmudemo] [ ActivityTask-4] c.x.x.service.MessageQueueListener       : Processing activity message: activityId=1498, action=CREATE
2025-10-02T21:49:24.462+08:00  INFO 37036 --- [xmudemo] [ ActivityTask-4] c.x.x.service.MessageQueueListener       : Processing activity creation: 1498
2025-10-02T21:49:24.472+08:00  INFO 37036 --- [xmudemo] [ool-8-thread-26] c.x.xmudemo.service.MessageQueueService  : Sent activity process message: activityId=1499, action=CREATE
2025-10-02T21:49:24.475+08:00  INFO 37036 --- [xmudemo] [ ActivityTask-5] c.x.x.service.MessageQueueListener       : Processing activity message: activityId=1499, action=CREATE
2025-10-02T21:49:24.475+08:00  INFO 37036 --- [xmudemo] [ ActivityTask-5] c.x.x.service.MessageQueueListener       : Processing activity creation: 1499
2025-10-02T21:49:24.487+08:00  INFO 37036 --- [xmudemo] [ool-8-thread-16] c.x.xmudemo.service.MessageQueueService  : Sent activity process message: activityId=1500, action=CREATE
2025-10-02T21:49:24.490+08:00  INFO 37036 --- [xmudemo] [ ActivityTask-2] c.x.x.service.MessageQueueListener       : Processing activity message: activityId=1500, action=CREATE
2025-10-02T21:49:24.490+08:00  INFO 37036 --- [xmudemo] [ ActivityTask-2] c.x.x.service.MessageQueueListener       : Processing activity creation: 1500
2025-10-02T21:49:24.498+08:00  INFO 37036 --- [xmudemo] [ool-8-thread-11] c.x.xmudemo.service.MessageQueueService  : Sent activity process message: activityId=1501, action=CREATE
2025-10-02T21:49:24.501+08:00  INFO 37036 --- [xmudemo] [ ActivityTask-7] c.x.x.service.MessageQueueListener       : Processing activity message: activityId=1501, action=CREATE
2025-10-02T21:49:24.501+08:00  INFO 37036 --- [xmudemo] [ ActivityTask-7] c.x.x.service.MessageQueueListener       : Processing activity creation: 1501
2025-10-02T21:49:24.507+08:00  INFO 37036 --- [xmudemo] [ool-8-thread-12] c.x.xmudemo.service.MessageQueueService  : Sent activity process message: activityId=1502, action=CREATE
2025-10-02T21:49:24.515+08:00  INFO 37036 --- [xmudemo] [ool-8-thread-33] c.x.xmudemo.service.MessageQueueService  : Sent activity process message: activityId=1503, action=CREATE
2025-10-02T21:49:24.524+08:00  INFO 37036 --- [xmudemo] [pool-8-thread-1] c.x.xmudemo.service.MessageQueueService  : Sent activity process message: activityId=1504, action=CREATE
2025-10-02T21:49:24.530+08:00  INFO 37036 --- [xmudemo] [pool-8-thread-5] c.x.xmudemo.service.MessageQueueService  : Sent activity process message: activityId=1505, action=CREATE
2025-10-02T21:49:24.539+08:00  INFO 37036 --- [xmudemo] [pool-8-thread-9] c.x.xmudemo.service.MessageQueueService  : Sent activity process message: activityId=1506, action=CREATE
2025-10-02T21:49:24.547+08:00  INFO 37036 --- [xmudemo] [ool-8-thread-32] c.x.xmudemo.service.MessageQueueService  : Sent activity process message: activityId=1507, action=CREATE
2025-10-02T21:49:24.555+08:00  INFO 37036 --- [xmudemo] [pool-8-thread-6] c.x.xmudemo.service.MessageQueueService  : Sent activity process message: activityId=1508, action=CREATE
2025-10-02T21:49:24.563+08:00  INFO 37036 --- [xmudemo] [ool-8-thread-35] c.x.xmudemo.service.MessageQueueService  : Sent activity process message: activityId=1509, action=CREATE
2025-10-02T21:49:24.572+08:00  INFO 37036 --- [xmudemo] [ool-8-thread-36] c.x.xmudemo.service.MessageQueueService  : Sent activity process message: activityId=1510, action=CREATE
2025-10-02T21:49:24.584+08:00  INFO 37036 --- [xmudemo] [ool-8-thread-15] c.x.xmudemo.service.MessageQueueService  : Sent activity process message: activityId=1511, action=CREATE
2025-10-02T21:49:24.595+08:00  INFO 37036 --- [xmudemo] [ool-8-thread-39] c.x.xmudemo.service.MessageQueueService  : Sent activity process message: activityId=1512, action=CREATE
2025-10-02T21:49:24.597+08:00  INFO 37036 --- [xmudemo] [ ActivityTask-1] c.x.x.service.MessageQueueListener       : Processing activity message: activityId=1512, action=CREATE
2025-10-02T21:49:24.597+08:00  INFO 37036 --- [xmudemo] [ ActivityTask-1] c.x.x.service.MessageQueueListener       : Processing activity creation: 1512
2025-10-02T21:49:24.604+08:00  INFO 37036 --- [xmudemo] [ool-8-thread-41] c.x.xmudemo.service.MessageQueueService  : Sent activity process message: activityId=1513, action=CREATE
2025-10-02T21:49:24.606+08:00  INFO 37036 --- [xmudemo] [ ActivityTask-6] c.x.x.service.MessageQueueListener       : Processing activity message: activityId=1513, action=CREATE
2025-10-02T21:49:24.606+08:00  INFO 37036 --- [xmudemo] [ ActivityTask-6] c.x.x.service.MessageQueueListener       : Processing activity creation: 1513
2025-10-02T21:49:24.611+08:00  INFO 37036 --- [xmudemo] [ool-8-thread-30] c.x.xmudemo.service.MessageQueueService  : Sent activity process message: activityId=1514, action=CREATE
2025-10-02T21:49:24.622+08:00  INFO 37036 --- [xmudemo] [ool-8-thread-43] c.x.xmudemo.service.MessageQueueService  : Sent activity process message: activityId=1515, action=CREATE
2025-10-02T21:49:24.628+08:00  INFO 37036 --- [xmudemo] [ool-8-thread-44] c.x.xmudemo.service.MessageQueueService  : Sent activity process message: activityId=1516, action=CREATE
2025-10-02T21:49:24.635+08:00  INFO 37036 --- [xmudemo] [ool-8-thread-45] c.x.xmudemo.service.MessageQueueService  : Sent activity process message: activityId=1517, action=CREATE
2025-10-02T21:49:24.646+08:00  INFO 37036 --- [xmudemo] [ool-8-thread-47] c.x.xmudemo.service.MessageQueueService  : Sent activity process message: activityId=1518, action=CREATE
2025-10-02T21:49:24.652+08:00  INFO 37036 --- [xmudemo] [ool-8-thread-48] c.x.xmudemo.service.MessageQueueService  : Sent activity process message: activityId=1519, action=CREATE
2025-10-02T21:49:24.660+08:00  INFO 37036 --- [xmudemo] [ool-8-thread-49] c.x.xmudemo.service.MessageQueueService  : Sent activity process message: activityId=1520, action=CREATE
2025-10-02T21:49:24.671+08:00  INFO 37036 --- [xmudemo] [ool-8-thread-50] c.x.xmudemo.service.MessageQueueService  : Sent activity process message: activityId=1521, action=CREATE
2025-10-02T21:49:24.678+08:00  INFO 37036 --- [xmudemo] [ ActivityTask-8] c.x.x.service.MessageQueueListener       : Activity 1492 creation processed
2025-10-02T21:49:24.678+08:00  INFO 37036 --- [xmudemo] [ ActivityTask-8] c.x.x.service.MessageQueueListener       : Processing activity message: activityId=1514, action=CREATE
2025-10-02T21:49:24.678+08:00  INFO 37036 --- [xmudemo] [ ActivityTask-8] c.x.x.service.MessageQueueListener       : Processing activity creation: 1514
2025-10-02T21:49:24.679+08:00  INFO 37036 --- [xmudemo] [ActivityTask-12] c.x.x.service.MessageQueueListener       : Activity 1493 creation processed
2025-10-02T21:49:24.680+08:00  INFO 37036 --- [xmudemo] [ActivityTask-12] c.x.x.service.MessageQueueListener       : Processing activity message: activityId=1515, action=CREATE
2025-10-02T21:49:24.680+08:00  INFO 37036 --- [xmudemo] [ActivityTask-12] c.x.x.service.MessageQueueListener       : Processing activity creation: 1515
2025-10-02T21:49:24.686+08:00  INFO 37036 --- [xmudemo] [ActivityTask-10] c.x.x.service.MessageQueueListener       : Activity 1494 creation processed
2025-10-02T21:49:24.686+08:00  INFO 37036 --- [xmudemo] [ActivityTask-10] c.x.x.service.MessageQueueListener       : Processing activity message: activityId=1516, action=CREATE
2025-10-02T21:49:24.686+08:00  INFO 37036 --- [xmudemo] [ActivityTask-10] c.x.x.service.MessageQueueListener       : Processing activity creation: 1516
2025-10-02T21:49:24.687+08:00  INFO 37036 --- [xmudemo] [ ActivityTask-9] c.x.x.service.MessageQueueListener       : Activity 1495 creation processed
2025-10-02T21:49:24.687+08:00  INFO 37036 --- [xmudemo] [ ActivityTask-9] c.x.x.service.MessageQueueListener       : Processing activity message: activityId=1517, action=CREATE
2025-10-02T21:49:24.687+08:00  INFO 37036 --- [xmudemo] [ ActivityTask-9] c.x.x.service.MessageQueueListener       : Processing activity creation: 1517
2025-10-02T21:49:24.687+08:00  INFO 37036 --- [xmudemo] [ActivityTask-11] c.x.x.service.MessageQueueListener       : Activity 1496 creation processed
2025-10-02T21:49:24.688+08:00  INFO 37036 --- [xmudemo] [ActivityTask-11] c.x.x.service.MessageQueueListener       : Processing activity message: activityId=1518, action=CREATE
2025-10-02T21:49:24.688+08:00  INFO 37036 --- [xmudemo] [ActivityTask-11] c.x.x.service.MessageQueueListener       : Processing activity creation: 1518
2025-10-02T21:49:24.690+08:00  INFO 37036 --- [xmudemo] [ ActivityTask-3] c.x.x.service.MessageQueueListener       : Activity 1497 creation processed
2025-10-02T21:49:24.691+08:00  INFO 37036 --- [xmudemo] [ ActivityTask-3] c.x.x.service.MessageQueueListener       : Processing activity message: activityId=1519, action=CREATE
2025-10-02T21:49:24.691+08:00  INFO 37036 --- [xmudemo] [ ActivityTask-3] c.x.x.service.MessageQueueListener       : Processing activity creation: 1519
2025-10-02T21:49:24.693+08:00  INFO 37036 --- [xmudemo] [ ActivityTask-4] c.x.x.service.MessageQueueListener       : Activity 1498 creation processed
2025-10-02T21:49:24.693+08:00  INFO 37036 --- [xmudemo] [ ActivityTask-4] c.x.x.service.MessageQueueListener       : Processing activity message: activityId=1520, action=CREATE
2025-10-02T21:49:24.693+08:00  INFO 37036 --- [xmudemo] [ ActivityTask-4] c.x.x.service.MessageQueueListener       : Processing activity creation: 1520
2025-10-02T21:49:24.694+08:00  INFO 37036 --- [xmudemo] [ ActivityTask-5] c.x.x.service.MessageQueueListener       : Activity 1499 creation processed
2025-10-02T21:49:24.694+08:00  INFO 37036 --- [xmudemo] [ ActivityTask-5] c.x.x.service.MessageQueueListener       : Processing activity message: activityId=1521, action=CREATE
2025-10-02T21:49:24.694+08:00  INFO 37036 --- [xmudemo] [ ActivityTask-5] c.x.x.service.MessageQueueListener       : Processing activity creation: 1521
2025-10-02T21:49:24.697+08:00  INFO 37036 --- [xmudemo] [ ActivityTask-2] c.x.x.service.MessageQueueListener       : Activity 1500 creation processed
2025-10-02T21:49:24.699+08:00  INFO 37036 --- [xmudemo] [ ActivityTask-7] c.x.x.service.MessageQueueListener       : Activity 1501 creation processed
2025-10-02T21:49:24.699+08:00  INFO 37036 --- [xmudemo] [ ActivityTask-1] c.x.x.service.MessageQueueListener       : Activity 1512 creation processed
2025-10-02T21:49:24.701+08:00  INFO 37036 --- [xmudemo] [ ActivityTask-6] c.x.x.service.MessageQueueListener       : Activity 1513 creation processed
2025-10-02T21:49:24.703+08:00  INFO 37036 --- [xmudemo] [ool-8-thread-38] c.x.xmudemo.service.MessageQueueService  : Sent activity process message: activityId=1522, action=CREATE
2025-10-02T21:49:24.703+08:00  INFO 37036 --- [xmudemo] [ ActivityTask-8] c.x.x.service.MessageQueueListener       : Activity 1514 creation processed
2025-10-02T21:49:24.706+08:00  INFO 37036 --- [xmudemo] [ActivityTask-12] c.x.x.service.MessageQueueListener       : Activity 1515 creation processed
2025-10-02T21:49:24.706+08:00  INFO 37036 --- [xmudemo] [ActivityTask-10] c.x.x.service.MessageQueueListener       : Activity 1516 creation processed
2025-10-02T21:49:24.709+08:00  INFO 37036 --- [xmudemo] [ ActivityTask-9] c.x.x.service.MessageQueueListener       : Activity 1517 creation processed
2025-10-02T21:49:24.712+08:00  INFO 37036 --- [xmudemo] [ActivityTask-11] c.x.x.service.MessageQueueListener       : Activity 1518 creation processed
2025-10-02T21:49:24.713+08:00  INFO 37036 --- [xmudemo] [ ActivityTask-3] c.x.x.service.MessageQueueListener       : Activity 1519 creation processed
2025-10-02T21:49:24.713+08:00  INFO 37036 --- [xmudemo] [ ActivityTask-4] c.x.x.service.MessageQueueListener       : Activity 1520 creation processed
2025-10-02T21:49:24.717+08:00  INFO 37036 --- [xmudemo] [ ActivityTask-5] c.x.x.service.MessageQueueListener       : Activity 1521 creation processed
2025-10-02T21:49:24.719+08:00  INFO 37036 --- [xmudemo] [ool-8-thread-24] c.x.xmudemo.service.MessageQueueService  : Sent activity process message: activityId=1523, action=CREATE
2025-10-02T21:49:24.727+08:00  INFO 37036 --- [xmudemo] [ool-8-thread-31] c.x.xmudemo.service.MessageQueueService  : Sent activity process message: activityId=1524, action=CREATE
2025-10-02T21:49:24.737+08:00  INFO 37036 --- [xmudemo] [ool-8-thread-37] c.x.xmudemo.service.MessageQueueService  : Sent activity process message: activityId=1525, action=CREATE
2025-10-02T21:49:24.744+08:00  INFO 37036 --- [xmudemo] [ool-8-thread-25] c.x.xmudemo.service.MessageQueueService  : Sent activity process message: activityId=1526, action=CREATE
2025-10-02T21:49:24.755+08:00  INFO 37036 --- [xmudemo] [ool-8-thread-34] c.x.xmudemo.service.MessageQueueService  : Sent activity process message: activityId=1527, action=CREATE
2025-10-02T21:49:24.775+08:00  INFO 37036 --- [xmudemo] [ool-8-thread-46] c.x.xmudemo.service.MessageQueueService  : Sent activity process message: activityId=1528, action=CREATE
2025-10-02T21:49:24.782+08:00  INFO 37036 --- [xmudemo] [pool-8-thread-8] c.x.xmudemo.service.MessageQueueService  : Sent activity process message: activityId=1529, action=CREATE
2025-10-02T21:49:24.790+08:00  INFO 37036 --- [xmudemo] [ool-8-thread-42] c.x.xmudemo.service.MessageQueueService  : Sent activity process message: activityId=1530, action=CREATE
2025-10-02T21:49:24.815+08:00  INFO 37036 --- [xmudemo] [ool-8-thread-21] c.x.xmudemo.service.MessageQueueService  : Sent activity process message: activityId=1531, action=CREATE
2025-10-02T21:49:24.823+08:00  INFO 37036 --- [xmudemo] [pool-8-thread-4] c.x.xmudemo.service.MessageQueueService  : Sent activity process message: activityId=1532, action=CREATE
2025-10-02T21:49:24.825+08:00  INFO 37036 --- [xmudemo] [ ActivityTask-2] c.x.x.service.MessageQueueListener       : Processing activity message: activityId=1532, action=CREATE
2025-10-02T21:49:24.826+08:00  INFO 37036 --- [xmudemo] [ ActivityTask-2] c.x.x.service.MessageQueueListener       : Processing activity creation: 1532
2025-10-02T21:49:24.843+08:00  INFO 37036 --- [xmudemo] [ool-8-thread-14] c.x.xmudemo.service.MessageQueueService  : Sent activity process message: activityId=1533, action=CREATE
2025-10-02T21:49:24.844+08:00  INFO 37036 --- [xmudemo] [ ActivityTask-7] c.x.x.service.MessageQueueListener       : Processing activity message: activityId=1533, action=CREATE
2025-10-02T21:49:24.845+08:00  INFO 37036 --- [xmudemo] [ ActivityTask-7] c.x.x.service.MessageQueueListener       : Processing activity creation: 1533
2025-10-02T21:49:24.926+08:00  INFO 37036 --- [xmudemo] [ool-8-thread-29] c.x.xmudemo.service.MessageQueueService  : Sent activity process message: activityId=1534, action=CREATE
2025-10-02T21:49:24.929+08:00  INFO 37036 --- [xmudemo] [ ActivityTask-1] c.x.x.service.MessageQueueListener       : Processing activity message: activityId=1534, action=CREATE
2025-10-02T21:49:24.929+08:00  INFO 37036 --- [xmudemo] [ ActivityTask-1] c.x.x.service.MessageQueueListener       : Processing activity creation: 1534
2025-10-02T21:49:24.945+08:00  INFO 37036 --- [xmudemo] [ool-8-thread-28] c.x.xmudemo.service.MessageQueueService  : Sent activity process message: activityId=1535, action=CREATE
2025-10-02T21:49:24.948+08:00  INFO 37036 --- [xmudemo] [ ActivityTask-6] c.x.x.service.MessageQueueListener       : Processing activity message: activityId=1535, action=CREATE
2025-10-02T21:49:24.948+08:00  INFO 37036 --- [xmudemo] [ ActivityTask-6] c.x.x.service.MessageQueueListener       : Processing activity creation: 1535
2025-10-02T21:49:25.029+08:00  INFO 37036 --- [xmudemo] [ool-8-thread-40] c.x.xmudemo.service.MessageQueueService  : Sent activity process message: activityId=1536, action=CREATE
2025-10-02T21:49:25.031+08:00  INFO 37036 --- [xmudemo] [ ActivityTask-8] c.x.x.service.MessageQueueListener       : Processing activity message: activityId=1536, action=CREATE
2025-10-02T21:49:25.031+08:00  INFO 37036 --- [xmudemo] [ ActivityTask-8] c.x.x.service.MessageQueueListener       : Processing activity creation: 1536
2025-10-02T21:49:25.129+08:00  INFO 37036 --- [xmudemo] [ool-8-thread-13] c.x.xmudemo.service.MessageQueueService  : Sent activity process message: activityId=1537, action=CREATE
2025-10-02T21:49:25.131+08:00  INFO 37036 --- [xmudemo] [ActivityTask-12] c.x.x.service.MessageQueueListener       : Processing activity message: activityId=1537, action=CREATE
2025-10-02T21:49:25.131+08:00  INFO 37036 --- [xmudemo] [ActivityTask-12] c.x.x.service.MessageQueueListener       : Processing activity creation: 1537
2025-10-02T21:49:25.283+08:00  INFO 37036 --- [xmudemo] [pool-8-thread-7] c.x.xmudemo.service.MessageQueueService  : Sent activity process message: activityId=1538, action=CREATE
2025-10-02T21:49:25.286+08:00  INFO 37036 --- [xmudemo] [ActivityTask-10] c.x.x.service.MessageQueueListener       : Processing activity message: activityId=1538, action=CREATE
2025-10-02T21:49:25.286+08:00  INFO 37036 --- [xmudemo] [ActivityTask-10] c.x.x.service.MessageQueueListener       : Processing activity creation: 1538
2025-10-02T21:49:25.297+08:00  INFO 37036 --- [xmudemo] [ool-8-thread-27] c.x.xmudemo.service.MessageQueueService  : Sent activity process message: activityId=1539, action=CREATE
2025-10-02T21:49:25.300+08:00  INFO 37036 --- [xmudemo] [ ActivityTask-9] c.x.x.service.MessageQueueListener       : Processing activity message: activityId=1539, action=CREATE
2025-10-02T21:49:25.300+08:00  INFO 37036 --- [xmudemo] [ ActivityTask-9] c.x.x.service.MessageQueueListener       : Processing activity creation: 1539
2025-10-02T21:49:25.306+08:00  INFO 37036 --- [xmudemo] [ool-8-thread-10] c.x.xmudemo.service.MessageQueueService  : Sent activity process message: activityId=1540, action=CREATE
2025-10-02T21:49:25.308+08:00  INFO 37036 --- [xmudemo] [ActivityTask-11] c.x.x.service.MessageQueueListener       : Processing activity message: activityId=1540, action=CREATE
2025-10-02T21:49:25.308+08:00  INFO 37036 --- [xmudemo] [ActivityTask-11] c.x.x.service.MessageQueueListener       : Processing activity creation: 1540
2025-10-02T21:49:26.109+08:00  INFO 37036 --- [xmudemo] [pool-8-thread-3] c.x.xmudemo.service.MessageQueueService  : Sent activity process message: activityId=1541, action=CREATE
2025-10-02T21:49:26.111+08:00  INFO 37036 --- [xmudemo] [ ActivityTask-3] c.x.x.service.MessageQueueListener       : Processing activity message: activityId=1541, action=CREATE
2025-10-02T21:49:26.111+08:00  INFO 37036 --- [xmudemo] [ ActivityTask-3] c.x.x.service.MessageQueueListener       : Processing activity creation: 1541

========== 并发创建活动测试报告 ==========
总请求数: 50
? 创建成功: 50
? 创建失败: 0
数据库实际活动数: 50
创建的唯一活动ID数: 50

性能指标:
  平均创建时间: 349.72 ms
  最小创建时间: 28 ms
  最大创建时间: 1751 ms
  总耗时: 1754 ms
  QPS: 28.51
=========================================

? 数据库清理完成
? 清理活动数据和缓存
2025-10-02T21:49:26.191+08:00  INFO 37036 --- [xmudemo] [           main] c.x.xmudemo.service.MessageQueueService  : Sent activity process message: activityId=1542, action=CREATE
2025-10-02T21:49:26.212+08:00  INFO 37036 --- [xmudemo] [           main] c.x.xmudemo.service.MessageQueueService  : Sent activity process message: activityId=1543, action=CREATE
2025-10-02T21:49:26.231+08:00  INFO 37036 --- [xmudemo] [           main] c.x.xmudemo.service.MessageQueueService  : Sent activity process message: activityId=1544, action=CREATE
2025-10-02T21:49:26.255+08:00  INFO 37036 --- [xmudemo] [           main] c.x.xmudemo.service.MessageQueueService  : Sent activity process message: activityId=1545, action=CREATE
2025-10-02T21:49:26.276+08:00  INFO 37036 --- [xmudemo] [           main] c.x.xmudemo.service.MessageQueueService  : Sent activity process message: activityId=1546, action=CREATE
2025-10-02T21:49:26.296+08:00  INFO 37036 --- [xmudemo] [           main] c.x.xmudemo.service.MessageQueueService  : Sent activity process message: activityId=1547, action=CREATE
2025-10-02T21:49:26.316+08:00  INFO 37036 --- [xmudemo] [           main] c.x.xmudemo.service.MessageQueueService  : Sent activity process message: activityId=1548, action=CREATE
2025-10-02T21:49:26.339+08:00  INFO 37036 --- [xmudemo] [           main] c.x.xmudemo.service.MessageQueueService  : Sent activity process message: activityId=1549, action=CREATE
2025-10-02T21:49:26.358+08:00  INFO 37036 --- [xmudemo] [           main] c.x.xmudemo.service.MessageQueueService  : Sent activity process message: activityId=1550, action=CREATE
2025-10-02T21:49:26.380+08:00  INFO 37036 --- [xmudemo] [           main] c.x.xmudemo.service.MessageQueueService  : Sent activity process message: activityId=1551, action=CREATE
? 预创建10个激活状态的测试活动
2025-10-02T21:49:26.409+08:00  INFO 37036 --- [xmudemo] [pool-9-thread-2] c.x.xmudemo.service.MessageQueueService  : Sent activity process message: activityId=1543, action=UPDATE
2025-10-02T21:49:26.409+08:00  INFO 37036 --- [xmudemo] [ool-9-thread-25] c.x.xmudemo.service.MessageQueueService  : Sent activity process message: activityId=1546, action=UPDATE
2025-10-02T21:49:26.409+08:00  INFO 37036 --- [xmudemo] [pool-9-thread-8] c.x.xmudemo.service.MessageQueueService  : Sent activity process message: activityId=1549, action=UPDATE
2025-10-02T21:49:26.409+08:00  INFO 37036 --- [xmudemo] [pool-9-thread-4] c.x.xmudemo.service.MessageQueueService  : Sent activity process message: activityId=1545, action=UPDATE
2025-10-02T21:49:26.410+08:00  INFO 37036 --- [xmudemo] [pool-9-thread-3] c.x.xmudemo.service.MessageQueueService  : Sent activity process message: activityId=1544, action=UPDATE
2025-10-02T21:49:26.410+08:00  INFO 37036 --- [xmudemo] [pool-9-thread-1] c.x.xmudemo.service.MessageQueueService  : Sent activity process message: activityId=1542, action=UPDATE
2025-10-02T21:49:26.410+08:00  INFO 37036 --- [xmudemo] [pool-9-thread-6] c.x.xmudemo.service.MessageQueueService  : Sent activity process message: activityId=1547, action=UPDATE
2025-10-02T21:49:26.410+08:00  INFO 37036 --- [xmudemo] [ool-9-thread-10] c.x.xmudemo.service.MessageQueueService  : Sent activity process message: activityId=1551, action=UPDATE
2025-10-02T21:49:26.411+08:00  INFO 37036 --- [xmudemo] [pool-9-thread-9] c.x.xmudemo.service.MessageQueueService  : Sent activity process message: activityId=1550, action=UPDATE
2025-10-02T21:49:26.411+08:00  INFO 37036 --- [xmudemo] [ool-9-thread-17] c.x.xmudemo.service.MessageQueueService  : Sent activity process message: activityId=1548, action=UPDATE
2025-10-02T21:49:26.412+08:00  INFO 37036 --- [xmudemo] [ ActivityTask-4] c.x.x.service.MessageQueueListener       : Processing activity message: activityId=1551, action=UPDATE
2025-10-02T21:49:26.412+08:00  INFO 37036 --- [xmudemo] [ ActivityTask-5] c.x.x.service.MessageQueueListener       : Processing activity message: activityId=1543, action=UPDATE
2025-10-02T21:49:26.412+08:00  INFO 37036 --- [xmudemo] [ ActivityTask-4] c.x.x.service.MessageQueueListener       : Processing activity update: 1551
2025-10-02T21:49:26.412+08:00  INFO 37036 --- [xmudemo] [ ActivityTask-5] c.x.x.service.MessageQueueListener       : Processing activity update: 1543
2025-10-02T21:49:26.412+08:00  INFO 37036 --- [xmudemo] [ ActivityTask-2] c.x.x.service.MessageQueueListener       : Processing activity message: activityId=1549, action=UPDATE
2025-10-02T21:49:26.412+08:00  INFO 37036 --- [xmudemo] [ ActivityTask-6] c.x.x.service.MessageQueueListener       : Processing activity message: activityId=1546, action=UPDATE
2025-10-02T21:49:26.412+08:00  INFO 37036 --- [xmudemo] [ ActivityTask-2] c.x.x.service.MessageQueueListener       : Processing activity update: 1549
2025-10-02T21:49:26.412+08:00  INFO 37036 --- [xmudemo] [ ActivityTask-6] c.x.x.service.MessageQueueListener       : Processing activity update: 1546
2025-10-02T21:49:26.412+08:00  INFO 37036 --- [xmudemo] [ ActivityTask-7] c.x.x.service.MessageQueueListener       : Processing activity message: activityId=1545, action=UPDATE
2025-10-02T21:49:26.412+08:00  INFO 37036 --- [xmudemo] [ ActivityTask-1] c.x.x.service.MessageQueueListener       : Processing activity message: activityId=1547, action=UPDATE
2025-10-02T21:49:26.412+08:00  INFO 37036 --- [xmudemo] [ActivityTask-12] c.x.x.service.MessageQueueListener       : Processing activity message: activityId=1542, action=UPDATE
2025-10-02T21:49:26.412+08:00  INFO 37036 --- [xmudemo] [ActivityTask-12] c.x.x.service.MessageQueueListener       : Processing activity update: 1542
2025-10-02T21:49:26.412+08:00  INFO 37036 --- [xmudemo] [ ActivityTask-7] c.x.x.service.MessageQueueListener       : Processing activity update: 1545
2025-10-02T21:49:26.412+08:00  INFO 37036 --- [xmudemo] [ ActivityTask-8] c.x.x.service.MessageQueueListener       : Processing activity message: activityId=1544, action=UPDATE
2025-10-02T21:49:26.412+08:00  INFO 37036 --- [xmudemo] [ ActivityTask-1] c.x.x.service.MessageQueueListener       : Processing activity update: 1547
2025-10-02T21:49:26.413+08:00  INFO 37036 --- [xmudemo] [ ActivityTask-8] c.x.x.service.MessageQueueListener       : Processing activity update: 1544
2025-10-02T21:49:26.413+08:00  INFO 37036 --- [xmudemo] [ActivityTask-10] c.x.x.service.MessageQueueListener       : Processing activity message: activityId=1550, action=UPDATE
2025-10-02T21:49:26.413+08:00  INFO 37036 --- [xmudemo] [ ActivityTask-9] c.x.x.service.MessageQueueListener       : Processing activity message: activityId=1548, action=UPDATE
2025-10-02T21:49:26.414+08:00  INFO 37036 --- [xmudemo] [ActivityTask-10] c.x.x.service.MessageQueueListener       : Processing activity update: 1550
2025-10-02T21:49:26.414+08:00  INFO 37036 --- [xmudemo] [ ActivityTask-9] c.x.x.service.MessageQueueListener       : Processing activity update: 1548
2025-10-02T21:49:26.430+08:00  INFO 37036 --- [xmudemo] [ool-9-thread-40] c.x.xmudemo.service.MessageQueueService  : Sent activity process message: activityId=1551, action=UPDATE
2025-10-02T21:49:26.438+08:00  INFO 37036 --- [xmudemo] [ool-9-thread-29] c.x.xmudemo.service.MessageQueueService  : Sent activity process message: activityId=1550, action=UPDATE
2025-10-02T21:49:26.438+08:00  INFO 37036 --- [xmudemo] [ool-9-thread-42] c.x.xmudemo.service.MessageQueueService  : Sent activity process message: activityId=1543, action=UPDATE
2025-10-02T21:49:26.439+08:00  INFO 37036 --- [xmudemo] [ool-9-thread-23] c.x.xmudemo.service.MessageQueueService  : Sent activity process message: activityId=1544, action=UPDATE
2025-10-02T21:49:26.439+08:00  INFO 37036 --- [xmudemo] [ool-9-thread-38] c.x.xmudemo.service.MessageQueueService  : Sent activity process message: activityId=1549, action=UPDATE
2025-10-02T21:49:26.439+08:00  INFO 37036 --- [xmudemo] [ool-9-thread-44] c.x.xmudemo.service.MessageQueueService  : Sent activity process message: activityId=1545, action=UPDATE
2025-10-02T21:49:26.439+08:00  INFO 37036 --- [xmudemo] [ool-9-thread-35] c.x.xmudemo.service.MessageQueueService  : Sent activity process message: activityId=1546, action=UPDATE
2025-10-02T21:49:26.439+08:00  INFO 37036 --- [xmudemo] [ool-9-thread-46] c.x.xmudemo.service.MessageQueueService  : Sent activity process message: activityId=1547, action=UPDATE
2025-10-02T21:49:26.465+08:00  INFO 37036 --- [xmudemo] [ool-9-thread-20] c.x.xmudemo.service.MessageQueueService  : Sent activity process message: activityId=1551, action=UPDATE
2025-10-02T21:49:26.468+08:00  INFO 37036 --- [xmudemo] [ool-9-thread-39] c.x.xmudemo.service.MessageQueueService  : Sent activity process message: activityId=1550, action=UPDATE
2025-10-02T21:49:26.472+08:00  INFO 37036 --- [xmudemo] [ool-9-thread-28] c.x.xmudemo.service.MessageQueueService  : Sent activity process message: activityId=1549, action=UPDATE
2025-10-02T21:49:26.472+08:00  INFO 37036 --- [xmudemo] [ool-9-thread-45] c.x.xmudemo.service.MessageQueueService  : Sent activity process message: activityId=1546, action=UPDATE
2025-10-02T21:49:26.472+08:00  INFO 37036 --- [xmudemo] [ool-9-thread-32] c.x.xmudemo.service.MessageQueueService  : Sent activity process message: activityId=1543, action=UPDATE
2025-10-02T21:49:26.472+08:00  INFO 37036 --- [xmudemo] [ool-9-thread-27] c.x.xmudemo.service.MessageQueueService  : Sent activity process message: activityId=1548, action=UPDATE
2025-10-02T21:49:26.472+08:00  INFO 37036 --- [xmudemo] [ool-9-thread-43] c.x.xmudemo.service.MessageQueueService  : Sent activity process message: activityId=1544, action=UPDATE
2025-10-02T21:49:26.472+08:00  INFO 37036 --- [xmudemo] [ool-9-thread-31] c.x.xmudemo.service.MessageQueueService  : Sent activity process message: activityId=1542, action=UPDATE
2025-10-02T21:49:26.475+08:00  INFO 37036 --- [xmudemo] [ ActivityTask-3] c.x.x.service.MessageQueueListener       : Processing activity message: activityId=1549, action=UPDATE
2025-10-02T21:49:26.474+08:00  INFO 37036 --- [xmudemo] [ActivityTask-11] c.x.x.service.MessageQueueListener       : Processing activity message: activityId=1544, action=UPDATE
2025-10-02T21:49:26.475+08:00  INFO 37036 --- [xmudemo] [ ActivityTask-3] c.x.x.service.MessageQueueListener       : Processing activity update: 1549
2025-10-02T21:49:26.475+08:00  INFO 37036 --- [xmudemo] [ActivityTask-11] c.x.x.service.MessageQueueListener       : Processing activity update: 1544
2025-10-02T21:49:26.495+08:00  INFO 37036 --- [xmudemo] [ool-9-thread-47] c.x.xmudemo.service.MessageQueueService  : Sent activity process message: activityId=1548, action=UPDATE
2025-10-02T21:49:26.496+08:00  INFO 37036 --- [xmudemo] [ool-9-thread-49] c.x.xmudemo.service.MessageQueueService  : Sent activity process message: activityId=1550, action=UPDATE
2025-10-02T21:49:26.499+08:00  INFO 37036 --- [xmudemo] [ool-9-thread-50] c.x.xmudemo.service.MessageQueueService  : Sent activity process message: activityId=1551, action=UPDATE
2025-10-02T21:49:26.499+08:00  INFO 37036 --- [xmudemo] [ool-9-thread-48] c.x.xmudemo.service.MessageQueueService  : Sent activity process message: activityId=1549, action=UPDATE
2025-10-02T21:49:26.508+08:00  INFO 37036 --- [xmudemo] [ActivityTask-12] c.x.x.service.MessageQueueListener       : Activity 1542 update processed
2025-10-02T21:49:26.508+08:00  INFO 37036 --- [xmudemo] [ ActivityTask-2] c.x.x.service.MessageQueueListener       : Activity 1549 update processed
2025-10-02T21:49:26.508+08:00  INFO 37036 --- [xmudemo] [ActivityTask-12] c.x.x.service.MessageQueueListener       : Processing activity message: activityId=1543, action=UPDATE
2025-10-02T21:49:26.508+08:00  INFO 37036 --- [xmudemo] [ ActivityTask-4] c.x.x.service.MessageQueueListener       : Activity 1551 update processed
2025-10-02T21:49:26.508+08:00  INFO 37036 --- [xmudemo] [ ActivityTask-2] c.x.x.service.MessageQueueListener       : Processing activity message: activityId=1546, action=UPDATE
2025-10-02T21:49:26.508+08:00  INFO 37036 --- [xmudemo] [ ActivityTask-5] c.x.x.service.MessageQueueListener       : Activity 1543 update processed
2025-10-02T21:49:26.508+08:00  INFO 37036 --- [xmudemo] [ ActivityTask-6] c.x.x.service.MessageQueueListener       : Activity 1546 update processed
2025-10-02T21:49:26.508+08:00  INFO 37036 --- [xmudemo] [ActivityTask-12] c.x.x.service.MessageQueueListener       : Processing activity update: 1543
2025-10-02T21:49:26.508+08:00  INFO 37036 --- [xmudemo] [ ActivityTask-5] c.x.x.service.MessageQueueListener       : Processing activity message: activityId=1548, action=UPDATE
2025-10-02T21:49:26.508+08:00  INFO 37036 --- [xmudemo] [ ActivityTask-5] c.x.x.service.MessageQueueListener       : Processing activity update: 1548
2025-10-02T21:49:26.508+08:00  INFO 37036 --- [xmudemo] [ ActivityTask-2] c.x.x.service.MessageQueueListener       : Processing activity update: 1546
2025-10-02T21:49:26.508+08:00  INFO 37036 --- [xmudemo] [ ActivityTask-6] c.x.x.service.MessageQueueListener       : Processing activity message: activityId=1548, action=UPDATE
2025-10-02T21:49:26.508+08:00  INFO 37036 --- [xmudemo] [ ActivityTask-4] c.x.x.service.MessageQueueListener       : Processing activity message: activityId=1542, action=UPDATE
2025-10-02T21:49:26.508+08:00  INFO 37036 --- [xmudemo] [ ActivityTask-4] c.x.x.service.MessageQueueListener       : Processing activity update: 1542
2025-10-02T21:49:26.508+08:00  INFO 37036 --- [xmudemo] [ ActivityTask-6] c.x.x.service.MessageQueueListener       : Processing activity update: 1548
2025-10-02T21:49:26.515+08:00  INFO 37036 --- [xmudemo] [ ActivityTask-9] c.x.x.service.MessageQueueListener       : Activity 1548 update processed
2025-10-02T21:49:26.515+08:00  INFO 37036 --- [xmudemo] [ ActivityTask-1] c.x.x.service.MessageQueueListener       : Activity 1547 update processed
2025-10-02T21:49:26.516+08:00  INFO 37036 --- [xmudemo] [ ActivityTask-1] c.x.x.service.MessageQueueListener       : Processing activity message: activityId=1551, action=UPDATE
2025-10-02T21:49:26.516+08:00  INFO 37036 --- [xmudemo] [ActivityTask-10] c.x.x.service.MessageQueueListener       : Activity 1550 update processed
2025-10-02T21:49:26.516+08:00  INFO 37036 --- [xmudemo] [ ActivityTask-1] c.x.x.service.MessageQueueListener       : Processing activity update: 1551
2025-10-02T21:49:26.516+08:00  INFO 37036 --- [xmudemo] [ ActivityTask-9] c.x.x.service.MessageQueueListener       : Processing activity message: activityId=1550, action=UPDATE
2025-10-02T21:49:26.516+08:00  INFO 37036 --- [xmudemo] [ ActivityTask-8] c.x.x.service.MessageQueueListener       : Activity 1544 update processed
2025-10-02T21:49:26.516+08:00  INFO 37036 --- [xmudemo] [ ActivityTask-7] c.x.x.service.MessageQueueListener       : Activity 1545 update processed
2025-10-02T21:49:26.516+08:00  INFO 37036 --- [xmudemo] [ ActivityTask-9] c.x.x.service.MessageQueueListener       : Processing activity update: 1550
2025-10-02T21:49:26.516+08:00  INFO 37036 --- [xmudemo] [ActivityTask-10] c.x.x.service.MessageQueueListener       : Processing activity message: activityId=1549, action=UPDATE
2025-10-02T21:49:26.516+08:00  INFO 37036 --- [xmudemo] [ActivityTask-10] c.x.x.service.MessageQueueListener       : Processing activity update: 1549
2025-10-02T21:49:26.521+08:00  INFO 37036 --- [xmudemo] [ ActivityTask-5] c.x.x.service.MessageQueueListener       : Activity 1548 update processed
2025-10-02T21:49:26.521+08:00  INFO 37036 --- [xmudemo] [ActivityTask-11] c.x.x.service.MessageQueueListener       : Activity 1544 update processed
2025-10-02T21:49:26.521+08:00  INFO 37036 --- [xmudemo] [ ActivityTask-2] c.x.x.service.MessageQueueListener       : Activity 1546 update processed
2025-10-02T21:49:26.521+08:00  INFO 37036 --- [xmudemo] [ActivityTask-12] c.x.x.service.MessageQueueListener       : Activity 1543 update processed
2025-10-02T21:49:26.521+08:00  INFO 37036 --- [xmudemo] [ ActivityTask-3] c.x.x.service.MessageQueueListener       : Activity 1549 update processed
2025-10-02T21:49:26.527+08:00  INFO 37036 --- [xmudemo] [ ActivityTask-1] c.x.x.service.MessageQueueListener       : Activity 1551 update processed
2025-10-02T21:49:26.527+08:00  INFO 37036 --- [xmudemo] [ ActivityTask-4] c.x.x.service.MessageQueueListener       : Activity 1542 update processed
2025-10-02T21:49:26.527+08:00  INFO 37036 --- [xmudemo] [ActivityTask-10] c.x.x.service.MessageQueueListener       : Activity 1549 update processed
2025-10-02T21:49:26.527+08:00  INFO 37036 --- [xmudemo] [ ActivityTask-9] c.x.x.service.MessageQueueListener       : Activity 1550 update processed
2025-10-02T21:49:26.527+08:00  INFO 37036 --- [xmudemo] [ ActivityTask-6] c.x.x.service.MessageQueueListener       : Activity 1548 update processed
2025-10-02T21:49:26.532+08:00  INFO 37036 --- [xmudemo] [ool-9-thread-15] c.x.xmudemo.service.MessageQueueService  : Sent activity process message: activityId=1546, action=UPDATE
2025-10-02T21:49:26.534+08:00  INFO 37036 --- [xmudemo] [ool-9-thread-33] c.x.xmudemo.service.MessageQueueService  : Sent activity process message: activityId=1544, action=UPDATE
2025-10-02T21:49:26.536+08:00  INFO 37036 --- [xmudemo] [ool-9-thread-16] c.x.xmudemo.service.MessageQueueService  : Sent activity process message: activityId=1547, action=UPDATE
2025-10-02T21:49:26.536+08:00  INFO 37036 --- [xmudemo] [ool-9-thread-37] c.x.xmudemo.service.MessageQueueService  : Sent activity process message: activityId=1548, action=UPDATE
2025-10-02T21:49:26.540+08:00  INFO 37036 --- [xmudemo] [ool-9-thread-18] c.x.xmudemo.service.MessageQueueService  : Sent activity process message: activityId=1549, action=UPDATE
2025-10-02T21:49:26.549+08:00  INFO 37036 --- [xmudemo] [ool-9-thread-11] c.x.xmudemo.service.MessageQueueService  : Sent activity process message: activityId=1542, action=UPDATE
2025-10-02T21:49:26.551+08:00  INFO 37036 --- [xmudemo] [ool-9-thread-34] c.x.xmudemo.service.MessageQueueService  : Sent activity process message: activityId=1545, action=UPDATE
2025-10-02T21:49:26.564+08:00  INFO 37036 --- [xmudemo] [pool-9-thread-7] c.x.xmudemo.service.MessageQueueService  : Sent activity process message: activityId=1548, action=UPDATE
2025-10-02T21:49:26.564+08:00  INFO 37036 --- [xmudemo] [ool-9-thread-13] c.x.xmudemo.service.MessageQueueService  : Sent activity process message: activityId=1544, action=UPDATE
2025-10-02T21:49:26.568+08:00  INFO 37036 --- [xmudemo] [ool-9-thread-36] c.x.xmudemo.service.MessageQueueService  : Sent activity process message: activityId=1547, action=UPDATE
2025-10-02T21:49:26.581+08:00  INFO 37036 --- [xmudemo] [ool-9-thread-21] c.x.xmudemo.service.MessageQueueService  : Sent activity process message: activityId=1542, action=UPDATE
2025-10-02T21:49:26.583+08:00  INFO 37036 --- [xmudemo] [ ActivityTask-8] c.x.x.service.MessageQueueListener       : Processing activity message: activityId=1542, action=UPDATE
2025-10-02T21:49:26.583+08:00  INFO 37036 --- [xmudemo] [ ActivityTask-8] c.x.x.service.MessageQueueListener       : Processing activity update: 1542
2025-10-02T21:49:26.591+08:00  INFO 37036 --- [xmudemo] [pool-9-thread-5] c.x.xmudemo.service.MessageQueueService  : Sent activity process message: activityId=1546, action=UPDATE
2025-10-02T21:49:26.592+08:00  INFO 37036 --- [xmudemo] [ool-9-thread-22] c.x.xmudemo.service.MessageQueueService  : Sent activity process message: activityId=1543, action=UPDATE
2025-10-02T21:49:26.592+08:00  INFO 37036 --- [xmudemo] [ool-9-thread-26] c.x.xmudemo.service.MessageQueueService  : Sent activity process message: activityId=1547, action=UPDATE
2025-10-02T21:49:26.593+08:00  INFO 37036 --- [xmudemo] [ ActivityTask-7] c.x.x.service.MessageQueueListener       : Processing activity message: activityId=1546, action=UPDATE
2025-10-02T21:49:26.593+08:00  INFO 37036 --- [xmudemo] [ ActivityTask-7] c.x.x.service.MessageQueueListener       : Processing activity update: 1546
2025-10-02T21:49:26.594+08:00  INFO 37036 --- [xmudemo] [ ActivityTask-5] c.x.x.service.MessageQueueListener       : Processing activity message: activityId=1547, action=UPDATE
2025-10-02T21:49:26.594+08:00  INFO 37036 --- [xmudemo] [ActivityTask-11] c.x.x.service.MessageQueueListener       : Processing activity message: activityId=1543, action=UPDATE
2025-10-02T21:49:26.594+08:00  INFO 37036 --- [xmudemo] [ ActivityTask-5] c.x.x.service.MessageQueueListener       : Processing activity update: 1547
2025-10-02T21:49:26.594+08:00  INFO 37036 --- [xmudemo] [ActivityTask-11] c.x.x.service.MessageQueueListener       : Processing activity update: 1543
2025-10-02T21:49:26.597+08:00  INFO 37036 --- [xmudemo] [ ActivityTask-8] c.x.x.service.MessageQueueListener       : Activity 1542 update processed
2025-10-02T21:49:26.602+08:00  INFO 37036 --- [xmudemo] [ool-9-thread-41] c.x.xmudemo.service.MessageQueueService  : Sent activity process message: activityId=1542, action=UPDATE
2025-10-02T21:49:26.602+08:00  INFO 37036 --- [xmudemo] [ool-9-thread-30] c.x.xmudemo.service.MessageQueueService  : Sent activity process message: activityId=1551, action=UPDATE
2025-10-02T21:49:26.604+08:00  INFO 37036 --- [xmudemo] [ActivityTask-12] c.x.x.service.MessageQueueListener       : Processing activity message: activityId=1551, action=UPDATE
2025-10-02T21:49:26.604+08:00  INFO 37036 --- [xmudemo] [ ActivityTask-2] c.x.x.service.MessageQueueListener       : Processing activity message: activityId=1542, action=UPDATE
2025-10-02T21:49:26.604+08:00  INFO 37036 --- [xmudemo] [ActivityTask-12] c.x.x.service.MessageQueueListener       : Processing activity update: 1551
2025-10-02T21:49:26.604+08:00  INFO 37036 --- [xmudemo] [ ActivityTask-2] c.x.x.service.MessageQueueListener       : Processing activity update: 1542
2025-10-02T21:49:26.606+08:00  INFO 37036 --- [xmudemo] [ ActivityTask-7] c.x.x.service.MessageQueueListener       : Activity 1546 update processed
2025-10-02T21:49:26.606+08:00  INFO 37036 --- [xmudemo] [ool-9-thread-19] c.x.xmudemo.service.MessageQueueService  : Sent activity process message: activityId=1550, action=UPDATE
2025-10-02T21:49:26.606+08:00  INFO 37036 --- [xmudemo] [ool-9-thread-24] c.x.xmudemo.service.MessageQueueService  : Sent activity process message: activityId=1545, action=UPDATE
2025-10-02T21:49:26.608+08:00  INFO 37036 --- [xmudemo] [ActivityTask-11] c.x.x.service.MessageQueueListener       : Activity 1543 update processed
2025-10-02T21:49:26.608+08:00  INFO 37036 --- [xmudemo] [ ActivityTask-5] c.x.x.service.MessageQueueListener       : Activity 1547 update processed
2025-10-02T21:49:26.608+08:00  INFO 37036 --- [xmudemo] [ ActivityTask-1] c.x.x.service.MessageQueueListener       : Processing activity message: activityId=1550, action=UPDATE
2025-10-02T21:49:26.608+08:00  INFO 37036 --- [xmudemo] [ ActivityTask-1] c.x.x.service.MessageQueueListener       : Processing activity update: 1550
2025-10-02T21:49:26.608+08:00  INFO 37036 --- [xmudemo] [ ActivityTask-3] c.x.x.service.MessageQueueListener       : Processing activity message: activityId=1545, action=UPDATE
2025-10-02T21:49:26.608+08:00  INFO 37036 --- [xmudemo] [ ActivityTask-3] c.x.x.service.MessageQueueListener       : Processing activity update: 1545
2025-10-02T21:49:26.618+08:00  INFO 37036 --- [xmudemo] [ActivityTask-12] c.x.x.service.MessageQueueListener       : Activity 1551 update processed
2025-10-02T21:49:26.618+08:00  INFO 37036 --- [xmudemo] [ ActivityTask-2] c.x.x.service.MessageQueueListener       : Activity 1542 update processed
2025-10-02T21:49:26.622+08:00  INFO 37036 --- [xmudemo] [ ActivityTask-1] c.x.x.service.MessageQueueListener       : Activity 1550 update processed
2025-10-02T21:49:26.622+08:00  INFO 37036 --- [xmudemo] [ ActivityTask-3] c.x.x.service.MessageQueueListener       : Activity 1545 update processed
2025-10-02T21:49:26.800+08:00  INFO 37036 --- [xmudemo] [ool-9-thread-14] c.x.xmudemo.service.MessageQueueService  : Sent activity process message: activityId=1545, action=UPDATE
2025-10-02T21:49:26.800+08:00  INFO 37036 --- [xmudemo] [ool-9-thread-12] c.x.xmudemo.service.MessageQueueService  : Sent activity process message: activityId=1543, action=UPDATE
2025-10-02T21:49:26.802+08:00  INFO 37036 --- [xmudemo] [ ActivityTask-9] c.x.x.service.MessageQueueListener       : Processing activity message: activityId=1545, action=UPDATE
2025-10-02T21:49:26.802+08:00  INFO 37036 --- [xmudemo] [ ActivityTask-4] c.x.x.service.MessageQueueListener       : Processing activity message: activityId=1543, action=UPDATE
2025-10-02T21:49:26.802+08:00  INFO 37036 --- [xmudemo] [ ActivityTask-9] c.x.x.service.MessageQueueListener       : Processing activity update: 1545
2025-10-02T21:49:26.802+08:00  INFO 37036 --- [xmudemo] [ ActivityTask-4] c.x.x.service.MessageQueueListener       : Processing activity update: 1543
2025-10-02T21:49:26.816+08:00  INFO 37036 --- [xmudemo] [ ActivityTask-4] c.x.x.service.MessageQueueListener       : Activity 1543 update processed
2025-10-02T21:49:26.817+08:00  INFO 37036 --- [xmudemo] [ ActivityTask-9] c.x.x.service.MessageQueueListener       : Activity 1545 update processed

========== 并发状态变更测试报告 ==========
总操作次数: 50
? 激活操作: 25
? 关闭操作: 25
? 失败操作: 0
最终激活的活动数: 5
=========================================

? 数据库清理完成
? 清理活动数据和缓存
2025-10-02T21:49:26.913+08:00  INFO 37036 --- [xmudemo] [           main] c.x.xmudemo.service.MessageQueueService  : Sent activity process message: activityId=1552, action=CREATE
2025-10-02T21:49:26.931+08:00  INFO 37036 --- [xmudemo] [           main] c.x.xmudemo.service.MessageQueueService  : Sent activity process message: activityId=1553, action=CREATE
2025-10-02T21:49:26.951+08:00  INFO 37036 --- [xmudemo] [           main] c.x.xmudemo.service.MessageQueueService  : Sent activity process message: activityId=1554, action=CREATE
2025-10-02T21:49:26.971+08:00  INFO 37036 --- [xmudemo] [           main] c.x.xmudemo.service.MessageQueueService  : Sent activity process message: activityId=1555, action=CREATE
2025-10-02T21:49:26.991+08:00  INFO 37036 --- [xmudemo] [           main] c.x.xmudemo.service.MessageQueueService  : Sent activity process message: activityId=1556, action=CREATE
2025-10-02T21:49:27.012+08:00  INFO 37036 --- [xmudemo] [           main] c.x.xmudemo.service.MessageQueueService  : Sent activity process message: activityId=1557, action=CREATE
2025-10-02T21:49:27.031+08:00  INFO 37036 --- [xmudemo] [           main] c.x.xmudemo.service.MessageQueueService  : Sent activity process message: activityId=1558, action=CREATE
2025-10-02T21:49:27.051+08:00  INFO 37036 --- [xmudemo] [           main] c.x.xmudemo.service.MessageQueueService  : Sent activity process message: activityId=1559, action=CREATE
2025-10-02T21:49:27.069+08:00  INFO 37036 --- [xmudemo] [           main] c.x.xmudemo.service.MessageQueueService  : Sent activity process message: activityId=1560, action=CREATE
2025-10-02T21:49:27.088+08:00  INFO 37036 --- [xmudemo] [           main] c.x.xmudemo.service.MessageQueueService  : Sent activity process message: activityId=1561, action=CREATE
2025-10-02T21:49:27.107+08:00  INFO 37036 --- [xmudemo] [           main] c.x.xmudemo.service.MessageQueueService  : Sent activity process message: activityId=1562, action=CREATE
2025-10-02T21:49:27.108+08:00  INFO 37036 --- [xmudemo] [ActivityTask-10] c.x.x.service.MessageQueueListener       : Processing activity message: activityId=1562, action=CREATE
2025-10-02T21:49:27.108+08:00  INFO 37036 --- [xmudemo] [ActivityTask-10] c.x.x.service.MessageQueueListener       : Processing activity creation: 1562
2025-10-02T21:49:27.126+08:00  INFO 37036 --- [xmudemo] [           main] c.x.xmudemo.service.MessageQueueService  : Sent activity process message: activityId=1563, action=CREATE
2025-10-02T21:49:27.128+08:00  INFO 37036 --- [xmudemo] [ ActivityTask-6] c.x.x.service.MessageQueueListener       : Processing activity message: activityId=1563, action=CREATE
2025-10-02T21:49:27.128+08:00  INFO 37036 --- [xmudemo] [ ActivityTask-6] c.x.x.service.MessageQueueListener       : Processing activity creation: 1563
2025-10-02T21:49:27.145+08:00  INFO 37036 --- [xmudemo] [           main] c.x.xmudemo.service.MessageQueueService  : Sent activity process message: activityId=1564, action=CREATE
2025-10-02T21:49:27.148+08:00  INFO 37036 --- [xmudemo] [ ActivityTask-8] c.x.x.service.MessageQueueListener       : Processing activity message: activityId=1564, action=CREATE
2025-10-02T21:49:27.148+08:00  INFO 37036 --- [xmudemo] [ ActivityTask-8] c.x.x.service.MessageQueueListener       : Processing activity creation: 1564
2025-10-02T21:49:27.167+08:00  INFO 37036 --- [xmudemo] [           main] c.x.xmudemo.service.MessageQueueService  : Sent activity process message: activityId=1565, action=CREATE
2025-10-02T21:49:27.168+08:00  INFO 37036 --- [xmudemo] [ ActivityTask-7] c.x.x.service.MessageQueueListener       : Processing activity message: activityId=1565, action=CREATE
2025-10-02T21:49:27.168+08:00  INFO 37036 --- [xmudemo] [ ActivityTask-7] c.x.x.service.MessageQueueListener       : Processing activity creation: 1565
2025-10-02T21:49:27.184+08:00  INFO 37036 --- [xmudemo] [           main] c.x.xmudemo.service.MessageQueueService  : Sent activity process message: activityId=1566, action=CREATE
2025-10-02T21:49:27.186+08:00  INFO 37036 --- [xmudemo] [ActivityTask-11] c.x.x.service.MessageQueueListener       : Processing activity message: activityId=1566, action=CREATE
2025-10-02T21:49:27.186+08:00  INFO 37036 --- [xmudemo] [ActivityTask-11] c.x.x.service.MessageQueueListener       : Processing activity creation: 1566
2025-10-02T21:49:27.201+08:00  INFO 37036 --- [xmudemo] [           main] c.x.xmudemo.service.MessageQueueService  : Sent activity process message: activityId=1567, action=CREATE
2025-10-02T21:49:27.203+08:00  INFO 37036 --- [xmudemo] [ ActivityTask-5] c.x.x.service.MessageQueueListener       : Processing activity message: activityId=1567, action=CREATE
2025-10-02T21:49:27.204+08:00  INFO 37036 --- [xmudemo] [ ActivityTask-5] c.x.x.service.MessageQueueListener       : Processing activity creation: 1567
2025-10-02T21:49:27.221+08:00  INFO 37036 --- [xmudemo] [           main] c.x.xmudemo.service.MessageQueueService  : Sent activity process message: activityId=1568, action=CREATE
2025-10-02T21:49:27.223+08:00  INFO 37036 --- [xmudemo] [ActivityTask-12] c.x.x.service.MessageQueueListener       : Processing activity message: activityId=1568, action=CREATE
2025-10-02T21:49:27.223+08:00  INFO 37036 --- [xmudemo] [ActivityTask-12] c.x.x.service.MessageQueueListener       : Processing activity creation: 1568
2025-10-02T21:49:27.243+08:00  INFO 37036 --- [xmudemo] [           main] c.x.xmudemo.service.MessageQueueService  : Sent activity process message: activityId=1569, action=CREATE
2025-10-02T21:49:27.245+08:00  INFO 37036 --- [xmudemo] [ ActivityTask-2] c.x.x.service.MessageQueueListener       : Processing activity message: activityId=1569, action=CREATE
2025-10-02T21:49:27.245+08:00  INFO 37036 --- [xmudemo] [ ActivityTask-2] c.x.x.service.MessageQueueListener       : Processing activity creation: 1569
2025-10-02T21:49:27.263+08:00  INFO 37036 --- [xmudemo] [           main] c.x.xmudemo.service.MessageQueueService  : Sent activity process message: activityId=1570, action=CREATE
2025-10-02T21:49:27.265+08:00  INFO 37036 --- [xmudemo] [ ActivityTask-3] c.x.x.service.MessageQueueListener       : Processing activity message: activityId=1570, action=CREATE
2025-10-02T21:49:27.265+08:00  INFO 37036 --- [xmudemo] [ ActivityTask-3] c.x.x.service.MessageQueueListener       : Processing activity creation: 1570
2025-10-02T21:49:27.281+08:00  INFO 37036 --- [xmudemo] [           main] c.x.xmudemo.service.MessageQueueService  : Sent activity process message: activityId=1571, action=CREATE
2025-10-02T21:49:27.282+08:00  INFO 37036 --- [xmudemo] [ ActivityTask-1] c.x.x.service.MessageQueueListener       : Processing activity message: activityId=1571, action=CREATE
2025-10-02T21:49:27.283+08:00  INFO 37036 --- [xmudemo] [ ActivityTask-1] c.x.x.service.MessageQueueListener       : Processing activity creation: 1571
2025-10-02T21:49:27.299+08:00  INFO 37036 --- [xmudemo] [           main] c.x.xmudemo.service.MessageQueueService  : Sent activity process message: activityId=1572, action=CREATE
2025-10-02T21:49:27.319+08:00  INFO 37036 --- [xmudemo] [           main] c.x.xmudemo.service.MessageQueueService  : Sent activity process message: activityId=1573, action=CREATE
2025-10-02T21:49:27.339+08:00  INFO 37036 --- [xmudemo] [           main] c.x.xmudemo.service.MessageQueueService  : Sent activity process message: activityId=1574, action=CREATE
2025-10-02T21:49:27.357+08:00  INFO 37036 --- [xmudemo] [           main] c.x.xmudemo.service.MessageQueueService  : Sent activity process message: activityId=1575, action=CREATE
2025-10-02T21:49:27.377+08:00  INFO 37036 --- [xmudemo] [           main] c.x.xmudemo.service.MessageQueueService  : Sent activity process message: activityId=1576, action=CREATE
2025-10-02T21:49:27.396+08:00  INFO 37036 --- [xmudemo] [           main] c.x.xmudemo.service.MessageQueueService  : Sent activity process message: activityId=1577, action=CREATE
2025-10-02T21:49:27.418+08:00  INFO 37036 --- [xmudemo] [           main] c.x.xmudemo.service.MessageQueueService  : Sent activity process message: activityId=1578, action=CREATE
2025-10-02T21:49:27.437+08:00  INFO 37036 --- [xmudemo] [           main] c.x.xmudemo.service.MessageQueueService  : Sent activity process message: activityId=1579, action=CREATE
2025-10-02T21:49:27.465+08:00  INFO 37036 --- [xmudemo] [           main] c.x.xmudemo.service.MessageQueueService  : Sent activity process message: activityId=1580, action=CREATE
2025-10-02T21:49:27.486+08:00  INFO 37036 --- [xmudemo] [           main] c.x.xmudemo.service.MessageQueueService  : Sent activity process message: activityId=1581, action=CREATE
? 预创建30个测试活动（15个激活，15个未激活）

========== 并发查询活动测试报告 ==========
总查询操作: 1500
? 返回结果总数: 8500

性能指标:
  首次查询平均时间: 4.60 ms
  缓存查询平均时间: 5.77 ms
  激活列表查询平均时间: 6.70 ms
  缓存加速比: 0.80x
  总耗时: 258 ms
  QPS: 32945.74
=========================================

[INFO] Tests run: 4, Failures: 0, Errors: 0, Skipped: 0, Time elapsed: 16.19 s -- in com.xuqinyang.xmudemo.service.ActivityServiceConcurrencyTest
[INFO] Running com.xuqinyang.xmudemo.service.ApplicationServiceIntegrationConcurrencyTest

========================================
缓存并发性能测试结果:
并发用户: 100
总请求数: 500
成功请求: 500
失败请求: 0
疑似缓存命中: 280
疑似缓存未命中: 220
平均响应时间: 9ms
QPS: 2808.9887640449438
========================================


========================================
并发提交申请测试结果:
并发线程数: 50
提交成功: 50
重复拒绝: 0
数据库实际数量: 50
========================================


========================================
并发更新状态测试结果:
并发线程数: 30
更新成功: 18
更新失败: 12
最终状态: DRAFT
========================================

成功率: 60.00%

========================================
并发获取所有申请测试结果:
线程数: 50
每线程查询: 10
总请求数: 500
成功数: 500
失败数: 0
平均响应时间: 14ms
总耗时: 268ms
QPS: 1865.6716417910447
========================================

[INFO] Tests run: 4, Failures: 0, Errors: 0, Skipped: 0, Time elapsed: 4.154 s -- in com.xuqinyang.xmudemo.service.ApplicationServiceIntegrationConcurrencyTest
[INFO] Running com.xuqinyang.xmudemo.service.AuthServiceConcurrencyTest
? 初始化完成：创建50个测试用户
? 预生成20个用户的Access Token

========== 并发Token验证测试报告 ==========
总验证次数: 1000
? 验证成功: 1000
? 验证失败: 0
成功率: 100.00%

性能指标:
  平均验证时间: 152.27 ms
  最小验证时间: 16 ms
  最大验证时间: 281 ms
  总耗时: 1650 ms
  QPS: 606.06
==========================================

? 初始化完成：创建50个测试用户
? 预生成20个用户的Refresh Token

========== 并发Token刷新测试报告 ==========
总刷新次数: 1000
? 刷新成功: 1000
? 刷新失败: 0
成功率: 100.00%
新生成Access Token数: 60

性能指标:
  平均刷新时间: 143.93 ms
  最小刷新时间: 89 ms
  最大刷新时间: 205 ms
  总耗时: 1950 ms
  QPS: 512.82
=========================================

? 初始化完成：创建50个测试用户

========== 混合场景测试报告 ==========
总操作数: 1200
? 成功: 1200
? 失败: 0
成功率: 100.00%
总耗时: 1954 ms
QPS: 614.12
====================================

? 初始化完成：创建50个测试用户

========== 并发登录测试报告 ==========
总请求数: 1000
? 成功: 1000
? 失败: 0
成功率: 100.00%

性能指标:
  平均响应时间: 364.56 ms
  最小响应时间: 64 ms
  最大响应时间: 742 ms
  P95响应时间: 544 ms
  P99响应时间: 632 ms
  总耗时: 4301 ms
  QPS: 232.50
  生成Token数: 500
=====================================

[INFO] Tests run: 4, Failures: 0, Errors: 0, Skipped: 0, Time elapsed: 25.62 s -- in com.xuqinyang.xmudemo.service.AuthServiceConcurrencyTest
[INFO] Running com.xuqinyang.xmudemo.service.UserServiceConcurrencyTest
? 清理用户角色关联完成
? 清理所有用户完成
? 清理所有用户数据

========== 并发创建用户测试报告 ==========
总请求数: 50
? 创建成功: 26
??  重复拦截: 24
? 异常错误: 0
数据库实际用户数: 26
重复学号用户是否唯一: ? 是

性能指标:
  平均创建时间: 253.76 ms
  最大创建时间: 1784 ms
  总耗时: 1790 ms
=========================================

? 清理用户角色关联完成
? 清理所有用户完成
? 清理所有用户数据
? 预创建10个测试用户

========== 并发修改密码测试报告 ==========
总修改次数: 50
? 成功: 50
? 失败: 0
=========================================

? 清理用户角色关联完成
? 清理所有用户完成
? 清理所有用户数据
? 预创建50个测试用户

========== 并发查询用户测试报告 ==========
总查询次数: 2000
? 成功查询: 2000
? 失败查询: 0
成功率: 100.00%

性能指标:
  首次查询平均时间: 14.11 ms
  缓存查询平均时间: 14.04 ms
  缓存加速比: 1.01x
  总耗时: 632 ms
  QPS: 3164.56
=========================================

? 清理用户角色关联完成
? 清理所有用户完成
? 清理所有用户数据
? 预创建20个测试用户

========== 并发更新用户测试报告 ==========
总更新次数: 50
? 成功: 50
? 失败: 0
成功率: 100.00%

性能指标:
  平均更新时间: 99.24 ms
  最大更新时间: 221 ms
  总耗时: 225 ms
  QPS: 222.22
=========================================

[INFO] Tests run: 4, Failures: 0, Errors: 0, Skipped: 0, Time elapsed: 7.299 s -- in com.xuqinyang.xmudemo.service.UserServiceConcurrencyTest
[INFO] 
[INFO] Results:
[INFO] 
[INFO] Tests run: 16, Failures: 0, Errors: 0, Skipped: 0
[INFO] 
[INFO] ------------------------------------------------------------------------
[INFO] BUILD SUCCESS
[INFO] ------------------------------------------------------------------------
[INFO] Total time:  01:05 min
[INFO] Finished at: 2025-10-02T21:50:06+08:00
[INFO] ------------------------------------------------------------------------
